Archive member included to satisfy reference by file (symbol)

libsignal.a(signal.cpp.obj)   CMakeFiles/remote.dir/src/main.cpp.obj (signal_init())
/usr/lib/gcc/arm-none-eabi/10.3.1/../../../arm-none-eabi/lib/thumb/v6-m/nofp/libstdc++.a(functexcept.o)
                              CMakeFiles/remote.dir/src/main.cpp.obj (std::__throw_length_error(char const*))
/usr/lib/gcc/arm-none-eabi/10.3.1/../../../arm-none-eabi/lib/thumb/v6-m/nofp/libstdc++.a(snprintf_lite.o)
                              /usr/lib/gcc/arm-none-eabi/10.3.1/../../../arm-none-eabi/lib/thumb/v6-m/nofp/libstdc++.a(functexcept.o) (__gnu_cxx::__snprintf_lite(char*, unsigned int, char const*, std::__va_list))
/usr/lib/gcc/arm-none-eabi/10.3.1/../../../arm-none-eabi/lib/thumb/v6-m/nofp/libstdc++.a(bad_alloc.o)
                              /usr/lib/gcc/arm-none-eabi/10.3.1/../../../arm-none-eabi/lib/thumb/v6-m/nofp/libstdc++.a(functexcept.o) (std::bad_alloc::~bad_alloc())
/usr/lib/gcc/arm-none-eabi/10.3.1/../../../arm-none-eabi/lib/thumb/v6-m/nofp/libstdc++.a(bad_cast.o)
                              /usr/lib/gcc/arm-none-eabi/10.3.1/../../../arm-none-eabi/lib/thumb/v6-m/nofp/libstdc++.a(functexcept.o) (std::bad_cast::~bad_cast())
/usr/lib/gcc/arm-none-eabi/10.3.1/../../../arm-none-eabi/lib/thumb/v6-m/nofp/libstdc++.a(bad_typeid.o)
                              /usr/lib/gcc/arm-none-eabi/10.3.1/../../../arm-none-eabi/lib/thumb/v6-m/nofp/libstdc++.a(functexcept.o) (std::bad_typeid::~bad_typeid())
/usr/lib/gcc/arm-none-eabi/10.3.1/../../../arm-none-eabi/lib/thumb/v6-m/nofp/libstdc++.a(eh_alloc.o)
                              /usr/lib/gcc/arm-none-eabi/10.3.1/../../../arm-none-eabi/lib/thumb/v6-m/nofp/libstdc++.a(functexcept.o) (__cxa_allocate_exception)
/usr/lib/gcc/arm-none-eabi/10.3.1/../../../arm-none-eabi/lib/thumb/v6-m/nofp/libstdc++.a(eh_arm.o)
                              /usr/lib/gcc/arm-none-eabi/10.3.1/../../../arm-none-eabi/lib/thumb/v6-m/nofp/libstdc++.a(functexcept.o) (__cxa_end_cleanup)
/usr/lib/gcc/arm-none-eabi/10.3.1/../../../arm-none-eabi/lib/thumb/v6-m/nofp/libstdc++.a(eh_exception.o)
                              /usr/lib/gcc/arm-none-eabi/10.3.1/../../../arm-none-eabi/lib/thumb/v6-m/nofp/libstdc++.a(bad_alloc.o) (std::exception::~exception())
/usr/lib/gcc/arm-none-eabi/10.3.1/../../../arm-none-eabi/lib/thumb/v6-m/nofp/libstdc++.a(eh_globals.o)
                              /usr/lib/gcc/arm-none-eabi/10.3.1/../../../arm-none-eabi/lib/thumb/v6-m/nofp/libstdc++.a(eh_arm.o) (__cxa_get_globals)
/usr/lib/gcc/arm-none-eabi/10.3.1/../../../arm-none-eabi/lib/thumb/v6-m/nofp/libstdc++.a(eh_personality.o)
                              /usr/lib/gcc/arm-none-eabi/10.3.1/../../../arm-none-eabi/lib/thumb/v6-m/nofp/libstdc++.a(functexcept.o) (__gxx_personality_v0)
/usr/lib/gcc/arm-none-eabi/10.3.1/../../../arm-none-eabi/lib/thumb/v6-m/nofp/libstdc++.a(eh_terminate.o)
                              /usr/lib/gcc/arm-none-eabi/10.3.1/../../../arm-none-eabi/lib/thumb/v6-m/nofp/libstdc++.a(eh_alloc.o) (std::terminate())
/usr/lib/gcc/arm-none-eabi/10.3.1/../../../arm-none-eabi/lib/thumb/v6-m/nofp/libstdc++.a(eh_throw.o)
                              /usr/lib/gcc/arm-none-eabi/10.3.1/../../../arm-none-eabi/lib/thumb/v6-m/nofp/libstdc++.a(functexcept.o) (__cxa_throw)
/usr/lib/gcc/arm-none-eabi/10.3.1/../../../arm-none-eabi/lib/thumb/v6-m/nofp/libstdc++.a(eh_unex_handler.o)
                              /usr/lib/gcc/arm-none-eabi/10.3.1/../../../arm-none-eabi/lib/thumb/v6-m/nofp/libstdc++.a(eh_terminate.o) (__cxxabiv1::__unexpected_handler)
/usr/lib/gcc/arm-none-eabi/10.3.1/../../../arm-none-eabi/lib/thumb/v6-m/nofp/libstdc++.a(pure.o)
                              /usr/lib/gcc/arm-none-eabi/10.3.1/../../../arm-none-eabi/lib/thumb/v6-m/nofp/libstdc++.a(eh_exception.o) (__cxa_pure_virtual)
/usr/lib/gcc/arm-none-eabi/10.3.1/../../../arm-none-eabi/lib/thumb/v6-m/nofp/libstdc++.a(si_class_type_info.o)
                              /usr/lib/gcc/arm-none-eabi/10.3.1/../../../arm-none-eabi/lib/thumb/v6-m/nofp/libstdc++.a(bad_alloc.o) (vtable for __cxxabiv1::__si_class_type_info)
/usr/lib/gcc/arm-none-eabi/10.3.1/../../../arm-none-eabi/lib/thumb/v6-m/nofp/libstdc++.a(tinfo.o)
                              /usr/lib/gcc/arm-none-eabi/10.3.1/../../../arm-none-eabi/lib/thumb/v6-m/nofp/libstdc++.a(si_class_type_info.o) (std::type_info::__is_pointer_p() const)
/usr/lib/gcc/arm-none-eabi/10.3.1/../../../arm-none-eabi/lib/thumb/v6-m/nofp/libstdc++.a(stdexcept.o)
                              /usr/lib/gcc/arm-none-eabi/10.3.1/../../../arm-none-eabi/lib/thumb/v6-m/nofp/libstdc++.a(functexcept.o) (std::runtime_error::~runtime_error())
/usr/lib/gcc/arm-none-eabi/10.3.1/../../../arm-none-eabi/lib/thumb/v6-m/nofp/libstdc++.a(cow-stdexcept.o)
                              /usr/lib/gcc/arm-none-eabi/10.3.1/../../../arm-none-eabi/lib/thumb/v6-m/nofp/libstdc++.a(functexcept.o) (std::logic_error::logic_error(char const*))
[...]
Memory Configuration

Name             Origin             Length             Attributes
FLASH            0x0000000010000000 0x0000000000200000 xr
RAM              0x0000000020000000 0x0000000000040000 xrw
SCRATCH_X        0x0000000020040000 0x0000000000001000 xrw
SCRATCH_Y        0x0000000020041000 0x0000000000001000 xrw
*default*        0x0000000000000000 0xffffffffffffffff

Linker script and memory map

LOAD /usr/lib/gcc/arm-none-eabi/10.3.1/thumb/v6-m/nofp/crti.o
LOAD /usr/lib/gcc/arm-none-eabi/10.3.1/thumb/v6-m/nofp/crtbegin.o
LOAD /usr/lib/gcc/arm-none-eabi/10.3.1/../../../arm-none-eabi/lib/thumb/v6-m/nofp/crt0.o

.flash_begin    0x0000000010000000        0x0
                0x0000000010000000                __flash_binary_start = .

.boot2          0x0000000010000000      0x100
                0x0000000010000000                __boot2_start__ = .
 *(.boot2)
 .boot2         0x0000000010000000      0x100 /tmp/ccGre1hb.o
                0x0000000010000100                __boot2_end__ = .
                0x0000000000000001                ASSERT (((__boot2_end__ - __boot2_start__) == 0x100), ERROR: Pico second stage bootloader must be 256 bytes in size)

.text           0x0000000010000100     0x9718
                0x0000000010000100                __logical_binary_start = .
 *(.vectors)
 .vectors       0x0000000010000100       0xd4 CMakeFiles/remote.dir/home/emmett/pico/pico-sdk/src/rp2_common/pico_standard_link/crt0.S.obj
                0x0000000010000100                __vectors
                0x0000000010000100                __VECTOR_TABLE
                0x00000000100001c0                isr_invalid
                0x00000000100001c0                __default_isrs_start
                0x00000000100001c2                isr_nmi
                0x00000000100001c4                isr_hardfault
                0x00000000100001c6                isr_svcall
                0x00000000100001c8                isr_pendsv
                0x00000000100001ca                isr_systick
                0x00000000100001cc                isr_irq30
                0x00000000100001cc                __unhandled_user_irq
                0x00000000100001cc                isr_irq13
                0x00000000100001cc                isr_irq27
                0x00000000100001cc                isr_irq31
                0x00000000100001cc                isr_irq5
                0x00000000100001cc                isr_irq11
                0x00000000100001cc                isr_irq23
                0x00000000100001cc                isr_irq18
                0x00000000100001cc                isr_irq28
                0x00000000100001cc                isr_irq19
                0x00000000100001cc                isr_irq0
                0x00000000100001cc                isr_irq6
                0x00000000100001cc                isr_irq22
                0x00000000100001cc                isr_irq17
                0x00000000100001cc                isr_irq14
                0x00000000100001cc                isr_irq2
                0x00000000100001cc                isr_irq10
                0x00000000100001cc                isr_irq8
                0x00000000100001cc                isr_irq24
                0x00000000100001cc                isr_irq1
                0x00000000100001cc                isr_irq7
                0x00000000100001cc                isr_irq21
                0x00000000100001cc                isr_irq20
                0x00000000100001cc                isr_irq15
                0x00000000100001cc                isr_irq25
                0x00000000100001cc                isr_irq4
                0x00000000100001cc                isr_irq16
                0x00000000100001cc                isr_irq29
                0x00000000100001cc                isr_irq26
                0x00000000100001cc                __default_isrs_end
                0x00000000100001cc                isr_irq3
                0x00000000100001cc                isr_irq12
                0x00000000100001cc                isr_irq9
                0x00000000100001d2                unhandled_user_irq_num_in_r0
 *(.binary_info_header)
 .binary_info_header
                0x00000000100001d4       0x14 CMakeFiles/remote.dir/home/emmett/pico/pico-sdk/src/rp2_common/pico_standard_link/crt0.S.obj
                0x00000000100001e8                __binary_info_header_end = .
 *(.reset)
 .reset         0x00000000100001e8       0xa0 CMakeFiles/remote.dir/home/emmett/pico/pico-sdk/src/rp2_common/pico_standard_link/crt0.S.obj
                0x00000000100001e8                _entry_point
 .reset         0x0000000010000288       0x30 CMakeFiles/remote.dir/home/emmett/pico/pico-sdk/src/rp2_common/pico_standard_link/binary_info.c.obj
 *(.init)
 .init          0x00000000100002b8        0x4 /usr/lib/gcc/arm-none-eabi/10.3.1/thumb/v6-m/nofp/crti.o
                0x00000000100002b8                _init
 *(EXCLUDE_FILE(*libm.a: *libc.a:*lib_a-mem*.o *libgcc.a:) .text*)
 .text          0x00000000100002bc       0x98 /usr/lib/gcc/arm-none-eabi/10.3.1/thumb/v6-m/nofp/crtbegin.o
 .text._ZL14button_handlerjm
                0x0000000010000354       0x18 CMakeFiles/remote.dir/src/main.cpp.obj
 .text._ZL11i2c_handlerP8i2c_inst17i2c_slave_event_t
                0x000000001000036c       0x2c CMakeFiles/remote.dir/src/main.cpp.obj
 .text._ZNSt6vectorIiSaIiEE17_M_realloc_insertIJiEEEvN9__gnu_cxx17__normal_iteratorIPiS1_EEDpOT_
                0x0000000010000398       0xf0 CMakeFiles/remote.dir/src/main.cpp.obj
                0x0000000010000398                void std::vector<int, std::allocator<int> >::_M_realloc_insert<int>(__gnu_cxx::__normal_iterator<int*, std::vector<int, std::allocator<int> > >, int&&)
 .text.startup.main
                0x0000000010000488      0x2b4 CMakeFiles/remote.dir/src/main.cpp.obj
                0x0000000010000488                main
 .text.startup._GLOBAL__sub_I_change_channel
                0x000000001000073c       0x10 CMakeFiles/remote.dir/src/main.cpp.obj
 .text.gpio_default_irq_handler
                0x000000001000074c      0x248 CMakeFiles/remote.dir/home/emmett/pico/pico-sdk/src/rp2_common/hardware_gpio/gpio.c.obj
 .text.gpio_set_function
                0x0000000010000994       0x30 CMakeFiles/remote.dir/home/emmett/pico/pico-sdk/src/rp2_common/hardware_gpio/gpio.c.obj
                0x0000000010000994                gpio_set_function
 .text.gpio_set_pulls
                0x00000000100009c4       0x30 CMakeFiles/remote.dir/home/emmett/pico/pico-sdk/src/rp2_common/hardware_gpio/gpio.c.obj
                0x00000000100009c4                gpio_set_pulls
 .text.gpio_set_irq_enabled
                0x00000000100009f4       0x54 CMakeFiles/remote.dir/home/emmett/pico/pico-sdk/src/rp2_common/hardware_gpio/gpio.c.obj
                0x00000000100009f4                gpio_set_irq_enabled
 .text.gpio_set_irq_enabled_with_callback
                0x0000000010000a48       0xb0 CMakeFiles/remote.dir/home/emmett/pico/pico-sdk/src/rp2_common/hardware_gpio/gpio.c.obj
                0x0000000010000a48                gpio_set_irq_enabled_with_callback
 .text.gpio_set_input_enabled
                0x0000000010000af8       0x28 CMakeFiles/remote.dir/home/emmett/pico/pico-sdk/src/rp2_common/hardware_gpio/gpio.c.obj
                0x0000000010000af8                gpio_set_input_enabled
 .text.gpio_init
                0x0000000010000b20       0x3c CMakeFiles/remote.dir/home/emmett/pico/pico-sdk/src/rp2_common/hardware_gpio/gpio.c.obj
                0x0000000010000b20                gpio_init
 .text.running_on_fpga
                0x0000000010000b5c       0x10 CMakeFiles/remote.dir/home/emmett/pico/pico-sdk/src/rp2_common/pico_platform/platform.c.obj
                0x0000000010000b5c                running_on_fpga
 .text.hw_claim_or_assert
                0x0000000010000b6c       0x44 CMakeFiles/remote.dir/home/emmett/pico/pico-sdk/src/rp2_common/hardware_claim/claim.c.obj
                0x0000000010000b6c                hw_claim_or_assert
 .text.hw_claim_unused_from_range
                0x0000000010000bb0       0x9c CMakeFiles/remote.dir/home/emmett/pico/pico-sdk/src/rp2_common/hardware_claim/claim.c.obj
                0x0000000010000bb0                hw_claim_unused_from_range
 .text.spin_locks_reset
                0x0000000010000c4c       0x1c CMakeFiles/remote.dir/home/emmett/pico/pico-sdk/src/rp2_common/hardware_sync/sync.c.obj
                0x0000000010000c4c                spin_locks_reset
 .text.next_striped_spin_lock_num
                0x0000000010000c68       0x18 CMakeFiles/remote.dir/home/emmett/pico/pico-sdk/src/rp2_common/hardware_sync/sync.c.obj
                0x0000000010000c68                next_striped_spin_lock_num
 .text.spin_lock_claim_unused
                0x0000000010000c80       0x20 CMakeFiles/remote.dir/home/emmett/pico/pico-sdk/src/rp2_common/hardware_sync/sync.c.obj
                0x0000000010000c80                spin_lock_claim_unused
 .text.irq_set_enabled
                0x0000000010000ca0       0x24 CMakeFiles/remote.dir/home/emmett/pico/pico-sdk/src/rp2_common/hardware_irq/irq.c.obj
                0x0000000010000ca0                irq_set_enabled
 .text.irq_set_pending
                0x0000000010000cc4       0x10 CMakeFiles/remote.dir/home/emmett/pico/pico-sdk/src/rp2_common/hardware_irq/irq.c.obj
                0x0000000010000cc4                irq_set_pending
 .text.irq_has_shared_handler
                0x0000000010000cd4       0x2c CMakeFiles/remote.dir/home/emmett/pico/pico-sdk/src/rp2_common/hardware_irq/irq.c.obj
                0x0000000010000cd4                irq_has_shared_handler
 .text.irq_get_vtable_handler
                0x0000000010000d00       0x10 CMakeFiles/remote.dir/home/emmett/pico/pico-sdk/src/rp2_common/hardware_irq/irq.c.obj
                0x0000000010000d00                irq_get_vtable_handler
 .text.irq_set_exclusive_handler
                0x0000000010000d10       0x54 CMakeFiles/remote.dir/home/emmett/pico/pico-sdk/src/rp2_common/hardware_irq/irq.c.obj
                0x0000000010000d10                irq_set_exclusive_handler
 .text.irq_add_shared_handler
                0x0000000010000d64      0x1e8 CMakeFiles/remote.dir/home/emmett/pico/pico-sdk/src/rp2_common/hardware_irq/irq.c.obj
                0x0000000010000d64                irq_add_shared_handler
 .text.irq_remove_handler
                0x0000000010000f4c      0x1b0 CMakeFiles/remote.dir/home/emmett/pico/pico-sdk/src/rp2_common/hardware_irq/irq.c.obj
                0x0000000010000f4c                irq_remove_handler
 .text.irq_add_tail_to_free_list
                0x00000000100010fc       0xb4 CMakeFiles/remote.dir/home/emmett/pico/pico-sdk/src/rp2_common/hardware_irq/irq.c.obj
                0x00000000100010fc                irq_add_tail_to_free_list
 .text.irq_init_priorities
                0x00000000100011b0       0x24 CMakeFiles/remote.dir/home/emmett/pico/pico-sdk/src/rp2_common/hardware_irq/irq.c.obj
                0x00000000100011b0                irq_init_priorities
 .text.user_irq_claim_unused
                0x00000000100011d4       0x28 CMakeFiles/remote.dir/home/emmett/pico/pico-sdk/src/rp2_common/hardware_irq/irq.c.obj
                0x00000000100011d4                user_irq_claim_unused
 .text.lock_init
                0x00000000100011fc       0x10 CMakeFiles/remote.dir/home/emmett/pico/pico-sdk/src/common/pico_sync/lock_core.c.obj
                0x00000000100011fc                lock_init
 .text.mutex_init
                0x000000001000120c       0x1c CMakeFiles/remote.dir/home/emmett/pico/pico-sdk/src/common/pico_sync/mutex.c.obj
                0x000000001000120c                mutex_init
 .text.recursive_mutex_init
                0x0000000010001228       0x1c CMakeFiles/remote.dir/home/emmett/pico/pico-sdk/src/common/pico_sync/mutex.c.obj
                0x0000000010001228                recursive_mutex_init
 .text.critical_section_init
                0x0000000010001244       0x20 CMakeFiles/remote.dir/home/emmett/pico/pico-sdk/src/common/pico_sync/critical_section.c.obj
                0x0000000010001244                critical_section_init
 .text.critical_section_init_with_lock_num
                0x0000000010001264       0x14 CMakeFiles/remote.dir/home/emmett/pico/pico-sdk/src/common/pico_sync/critical_section.c.obj
                0x0000000010001264                critical_section_init_with_lock_num
 .text.timer_pool_entry_comparator
                0x0000000010001278       0x34 CMakeFiles/remote.dir/home/emmett/pico/pico-sdk/src/common/pico_time/time.c.obj
                0x0000000010001278                timer_pool_entry_comparator
 .text.sleep_until_callback
                0x00000000100012ac       0x30 CMakeFiles/remote.dir/home/emmett/pico/pico-sdk/src/common/pico_time/time.c.obj
 .text.add_alarm_under_lock.isra.0
                0x00000000100012dc      0x100 CMakeFiles/remote.dir/home/emmett/pico/pico-sdk/src/common/pico_time/time.c.obj
 .text.alarm_pool_alarm_callback
                0x00000000100013dc      0x1bc CMakeFiles/remote.dir/home/emmett/pico/pico-sdk/src/common/pico_time/time.c.obj
 .text.alarm_pool_init_default
                0x0000000010001598       0x6c CMakeFiles/remote.dir/home/emmett/pico/pico-sdk/src/common/pico_time/time.c.obj
                0x0000000010001598                alarm_pool_init_default
 .text.alarm_pool_get_default
                0x0000000010001604        0x8 CMakeFiles/remote.dir/home/emmett/pico/pico-sdk/src/common/pico_time/time.c.obj
                0x0000000010001604                alarm_pool_get_default
 .text.alarm_pool_add_alarm_at
                0x000000001000160c      0x178 CMakeFiles/remote.dir/home/emmett/pico/pico-sdk/src/common/pico_time/time.c.obj
                0x000000001000160c                alarm_pool_add_alarm_at
 .text.alarm_pool_core_num
                0x0000000010001784        0x4 CMakeFiles/remote.dir/home/emmett/pico/pico-sdk/src/common/pico_time/time.c.obj
                0x0000000010001784                alarm_pool_core_num
 .text.sleep_until
                0x0000000010001788       0xc4 CMakeFiles/remote.dir/home/emmett/pico/pico-sdk/src/common/pico_time/time.c.obj
                0x0000000010001788                sleep_until
 .text.sleep_us
                0x000000001000184c       0x24 CMakeFiles/remote.dir/home/emmett/pico/pico-sdk/src/common/pico_time/time.c.obj
                0x000000001000184c                sleep_us
 .text.sleep_ms
                0x0000000010001870       0x34 CMakeFiles/remote.dir/home/emmett/pico/pico-sdk/src/common/pico_time/time.c.obj
                0x0000000010001870                sleep_ms
 .text.best_effort_wfe_or_timeout
                0x00000000100018a4       0xd4 CMakeFiles/remote.dir/home/emmett/pico/pico-sdk/src/common/pico_time/time.c.obj
                0x00000000100018a4                best_effort_wfe_or_timeout
 .text.hardware_alarm_irq_handler
                0x0000000010001978       0xbc CMakeFiles/remote.dir/home/emmett/pico/pico-sdk/src/rp2_common/hardware_timer/timer.c.obj
 .text.hardware_alarm_claim
                0x0000000010001a34       0x18 CMakeFiles/remote.dir/home/emmett/pico/pico-sdk/src/rp2_common/hardware_timer/timer.c.obj
                0x0000000010001a34                hardware_alarm_claim
 .text.time_us_64
                0x0000000010001a4c       0x14 CMakeFiles/remote.dir/home/emmett/pico/pico-sdk/src/rp2_common/hardware_timer/timer.c.obj
                0x0000000010001a4c                time_us_64
 .text.busy_wait_until
                0x0000000010001a60       0x20 CMakeFiles/remote.dir/home/emmett/pico/pico-sdk/src/rp2_common/hardware_timer/timer.c.obj
                0x0000000010001a60                busy_wait_until
 .text.hardware_alarm_set_callback
                0x0000000010001a80       0x8c CMakeFiles/remote.dir/home/emmett/pico/pico-sdk/src/rp2_common/hardware_timer/timer.c.obj
                0x0000000010001a80                hardware_alarm_set_callback
 .text.hardware_alarm_set_target
                0x0000000010001b0c       0xd4 CMakeFiles/remote.dir/home/emmett/pico/pico-sdk/src/rp2_common/hardware_timer/timer.c.obj
                0x0000000010001b0c                hardware_alarm_set_target
 .text.hardware_alarm_cancel
                0x0000000010001be0       0x3c CMakeFiles/remote.dir/home/emmett/pico/pico-sdk/src/rp2_common/hardware_timer/timer.c.obj
                0x0000000010001be0                hardware_alarm_cancel
 .text.ph_merge_nodes
                0x0000000010001c1c       0x68 CMakeFiles/remote.dir/home/emmett/pico/pico-sdk/src/common/pico_util/pheap.c.obj
 .text.ph_post_alloc_init
                0x0000000010001c84       0x3c CMakeFiles/remote.dir/home/emmett/pico/pico-sdk/src/common/pico_util/pheap.c.obj
                0x0000000010001c84                ph_post_alloc_init
 .text.ph_merge_two_pass
                0x0000000010001cc0       0x90 CMakeFiles/remote.dir/home/emmett/pico/pico-sdk/src/common/pico_util/pheap.c.obj
                0x0000000010001cc0                ph_merge_two_pass
 .text.ph_remove_any_head
                0x0000000010001d50      0x100 CMakeFiles/remote.dir/home/emmett/pico/pico-sdk/src/common/pico_util/pheap.c.obj
 .text.ph_remove_head
                0x0000000010001e50      0x104 CMakeFiles/remote.dir/home/emmett/pico/pico-sdk/src/common/pico_util/pheap.c.obj
                0x0000000010001e50                ph_remove_head
 .text.ph_remove_and_free_node
                0x0000000010001f54       0x7c CMakeFiles/remote.dir/home/emmett/pico/pico-sdk/src/common/pico_util/pheap.c.obj
                0x0000000010001f54                ph_remove_and_free_node
 .text.clocks_init
                0x0000000010001fd0      0x2d0 CMakeFiles/remote.dir/home/emmett/pico/pico-sdk/src/rp2_common/hardware_clocks/clocks.c.obj
                0x0000000010001fd0                clocks_init
 .text.clock_get_hz
                0x00000000100022a0        0xc CMakeFiles/remote.dir/home/emmett/pico/pico-sdk/src/rp2_common/hardware_clocks/clocks.c.obj
                0x00000000100022a0                clock_get_hz
 .text.pll_init
                0x00000000100022ac       0xa0 CMakeFiles/remote.dir/home/emmett/pico/pico-sdk/src/rp2_common/hardware_pll/pll.c.obj
                0x00000000100022ac                pll_init
 .text.watchdog_start_tick
                0x000000001000234c       0x10 CMakeFiles/remote.dir/home/emmett/pico/pico-sdk/src/rp2_common/hardware_watchdog/watchdog.c.obj
                0x000000001000234c                watchdog_start_tick
 .text.watchdog_reboot
                0x000000001000235c       0x98 CMakeFiles/remote.dir/home/emmett/pico/pico-sdk/src/rp2_common/hardware_watchdog/watchdog.c.obj
                0x000000001000235c                watchdog_reboot
 .text.xosc_init
                0x00000000100023f4       0x28 CMakeFiles/remote.dir/home/emmett/pico/pico-sdk/src/rp2_common/hardware_xosc/xosc.c.obj
                0x00000000100023f4                xosc_init
 .text.runtime_init
                0x000000001000241c       0xf0 CMakeFiles/remote.dir/home/emmett/pico/pico-sdk/src/rp2_common/pico_runtime/runtime.c.obj
                0x000000001000241c                runtime_init
 .text._exit    0x000000001000250c        0x4 CMakeFiles/remote.dir/home/emmett/pico/pico-sdk/src/rp2_common/pico_runtime/runtime.c.obj
                0x000000001000250c                _exit
 .text._sbrk    0x0000000010002510       0x34 CMakeFiles/remote.dir/home/emmett/pico/pico-sdk/src/rp2_common/pico_runtime/runtime.c.obj
                0x0000000010002510                _sbrk
 .text._getpid  0x0000000010002544        0x4 CMakeFiles/remote.dir/home/emmett/pico/pico-sdk/src/rp2_common/pico_runtime/runtime.c.obj
                0x0000000010002544                _getpid
 .text._kill    0x0000000010002548        0x8 CMakeFiles/remote.dir/home/emmett/pico/pico-sdk/src/rp2_common/pico_runtime/runtime.c.obj
                0x0000000010002548                _kill
 .text.exit     0x0000000010002550        0x8 CMakeFiles/remote.dir/home/emmett/pico/pico-sdk/src/rp2_common/pico_runtime/runtime.c.obj
                0x0000000010002550                exit
 .text.panic    0x0000000010002558       0x30 CMakeFiles/remote.dir/home/emmett/pico/pico-sdk/src/rp2_common/pico_runtime/runtime.c.obj
                0x0000000010002558                panic
 .text.hard_assertion_failure
                0x0000000010002588        0xc CMakeFiles/remote.dir/home/emmett/pico/pico-sdk/src/rp2_common/pico_runtime/runtime.c.obj
                0x0000000010002588                hard_assertion_failure
 .text._out_null
                0x0000000010002594        0x4 CMakeFiles/remote.dir/home/emmett/pico/pico-sdk/src/rp2_common/pico_printf/printf.c.obj
 .text._out_rev
                0x0000000010002598       0x9c CMakeFiles/remote.dir/home/emmett/pico/pico-sdk/src/rp2_common/pico_printf/printf.c.obj
 .text._ntoa_format
                0x0000000010002634      0x1cc CMakeFiles/remote.dir/home/emmett/pico/pico-sdk/src/rp2_common/pico_printf/printf.c.obj
 .text._out_char
                0x0000000010002800       0x10 CMakeFiles/remote.dir/home/emmett/pico/pico-sdk/src/rp2_common/pico_printf/printf.c.obj
 .text._out_fct
                0x0000000010002810       0x10 CMakeFiles/remote.dir/home/emmett/pico/pico-sdk/src/rp2_common/pico_printf/printf.c.obj
 .text._etoa    0x0000000010002820      0x44c CMakeFiles/remote.dir/home/emmett/pico/pico-sdk/src/rp2_common/pico_printf/printf.c.obj
 .text._ftoa    0x0000000010002c6c      0x398 CMakeFiles/remote.dir/home/emmett/pico/pico-sdk/src/rp2_common/pico_printf/printf.c.obj
 .text._vsnprintf
                0x0000000010003004      0xb04 CMakeFiles/remote.dir/home/emmett/pico/pico-sdk/src/rp2_common/pico_printf/printf.c.obj
 .text.vfctprintf
                0x0000000010003b08       0x20 CMakeFiles/remote.dir/home/emmett/pico/pico-sdk/src/rp2_common/pico_printf/printf.c.obj
                0x0000000010003b08                vfctprintf
 .text.weak_raw_vprintf
                0x0000000010003b28       0x30 CMakeFiles/remote.dir/home/emmett/pico/pico-sdk/src/rp2_common/pico_printf/printf.c.obj
                0x0000000010003b28                weak_raw_vprintf
 .text          0x0000000010003b58       0x10 CMakeFiles/remote.dir/home/emmett/pico/pico-sdk/src/rp2_common/pico_bit_ops/bit_ops_aeabi.S.obj
 .text.rom_func_lookup
                0x0000000010003b68       0x10 CMakeFiles/remote.dir/home/emmett/pico/pico-sdk/src/rp2_common/pico_bootrom/bootrom.c.obj
                0x0000000010003b68                rom_func_lookup
 .text.rom_data_lookup
                0x0000000010003b78       0x10 CMakeFiles/remote.dir/home/emmett/pico/pico-sdk/src/rp2_common/pico_bootrom/bootrom.c.obj
                0x0000000010003b78                rom_data_lookup
 .text.rom_funcs_lookup
                0x0000000010003b88       0x44 CMakeFiles/remote.dir/home/emmett/pico/pico-sdk/src/rp2_common/pico_bootrom/bootrom.c.obj
                0x0000000010003b88                rom_funcs_lookup
 .text.__wrap___aeabi_idiv
                0x0000000010003bcc       0x50 CMakeFiles/remote.dir/home/emmett/pico/pico-sdk/src/rp2_common/pico_divider/divider.S.obj
                0x0000000010003bcc                __wrap___aeabi_idivmod
                0x0000000010003bcc                divmod_s32s32
                0x0000000010003bcc                div_s32s32
                0x0000000010003bcc                __wrap___aeabi_idiv
                0x0000000010003bd4                divmod_s32s32_unsafe
                0x0000000010003c00                divmod_s32s32_savestate
 .text.__wrap___aeabi_uidiv
                0x0000000010003c1c       0x4c CMakeFiles/remote.dir/home/emmett/pico/pico-sdk/src/rp2_common/pico_divider/divider.S.obj
                0x0000000010003c1c                __wrap___aeabi_uidiv
                0x0000000010003c1c                __wrap___aeabi_uidivmod
                0x0000000010003c1c                div_u32u32
                0x0000000010003c1c                divmod_u32u32
                0x0000000010003c24                divmod_u32u32_unsafe
                0x0000000010003c4c                divmod_u32u32_savestate
 .text.__wrap___aeabi_ldiv
                0x0000000010003c68      0x424 CMakeFiles/remote.dir/home/emmett/pico/pico-sdk/src/rp2_common/pico_divider/divider.S.obj
                0x0000000010003c68                div_s64s64
                0x0000000010003c68                divmod_s64s64
                0x0000000010003c68                __wrap___aeabi_ldivmod
                0x0000000010003c98                div_u64u64
                0x0000000010003c98                divmod_u64u64
                0x0000000010003c98                __wrap___aeabi_uldivmod
                0x0000000010003ca8                divmod_u64u64_savestate
                0x0000000010003cc8                divmod_s64s64_unsafe
                0x0000000010003d50                divmod_u64u64_unsafe
 .text.__wrap___aeabi_darithmetic
                0x000000001000408c       0x80 CMakeFiles/remote.dir/home/emmett/pico/pico-sdk/src/rp2_common/pico_double/double_aeabi.S.obj
                0x000000001000408c                __wrap___aeabi_drsub
                0x0000000010004092                __wrap___aeabi_dsub
                0x00000000100040a4                __wrap___aeabi_dadd
                0x00000000100040b6                __wrap___aeabi_ddiv
                0x00000000100040f2                __wrap___aeabi_dmul
 .text.__wrap___aeabi_cdcmple
                0x000000001000410c       0x6c CMakeFiles/remote.dir/home/emmett/pico/pico-sdk/src/rp2_common/pico_double/double_aeabi.S.obj
                0x000000001000410c                __wrap___aeabi_cdrcmple
                0x000000001000411c                __wrap___aeabi_cdcmple
                0x000000001000411c                __wrap___aeabi_cdcmpeq
 .text.__wrap___aeabi_dcmplt
                0x0000000010004178        0xc CMakeFiles/remote.dir/home/emmett/pico/pico-sdk/src/rp2_common/pico_double/double_aeabi.S.obj
                0x0000000010004178                __wrap___aeabi_dcmplt
 .text.__wrap___aeabi_dcmple
                0x0000000010004184       0x10 CMakeFiles/remote.dir/home/emmett/pico/pico-sdk/src/rp2_common/pico_double/double_aeabi.S.obj
                0x0000000010004184                __wrap___aeabi_dcmple
 .text.__wrap___aeabi_dcmpge
                0x0000000010004194       0x10 CMakeFiles/remote.dir/home/emmett/pico/pico-sdk/src/rp2_common/pico_double/double_aeabi.S.obj
                0x0000000010004194                __wrap___aeabi_dcmpge
 .text.__wrap___aeabi_dcmpgt
                0x00000000100041a4        0xa CMakeFiles/remote.dir/home/emmett/pico/pico-sdk/src/rp2_common/pico_double/double_aeabi.S.obj
                0x00000000100041a4                __wrap___aeabi_dcmpgt
 .text.__wrap___aeabi_dcmpun
                0x00000000100041ae       0x1c CMakeFiles/remote.dir/home/emmett/pico/pico-sdk/src/rp2_common/pico_double/double_aeabi.S.obj
                0x00000000100041ae                __wrap___aeabi_dcmpun
 *fill*         0x00000000100041ca        0x2 
 .text.__wrap___aeabi_i2d
                0x00000000100041cc       0x38 CMakeFiles/remote.dir/home/emmett/pico/pico-sdk/src/rp2_common/pico_double/double_aeabi.S.obj
                0x00000000100041cc                __wrap___aeabi_ui2d
                0x00000000100041d4                __wrap___aeabi_i2d
 .text.__wrap___aeabi_d2iz
                0x0000000010004204       0x48 CMakeFiles/remote.dir/home/emmett/pico/pico-sdk/src/rp2_common/pico_double/double_aeabi.S.obj
                0x0000000010004204                __wrap___aeabi_d2iz
                0x0000000010004204                double2int_z
 .text.__wrap___aeabi_d2uiz
                0x000000001000424c       0x18 CMakeFiles/remote.dir/home/emmett/pico/pico-sdk/src/rp2_common/pico_double/double_aeabi.S.obj
                0x000000001000424c                double2uint
                0x000000001000424c                __wrap___aeabi_d2uiz
 .text.__aeabi_double_init
                0x0000000010004264       0x94 CMakeFiles/remote.dir/home/emmett/pico/pico-sdk/src/rp2_common/pico_double/double_init_rom.c.obj
                0x0000000010004264                __aeabi_double_init
 .text.double_table_shim_on_use_helper
                0x00000000100042f8       0x2c CMakeFiles/remote.dir/home/emmett/pico/pico-sdk/src/rp2_common/pico_double/double_v1_rom_shim.S.obj
                0x00000000100042f8                double_table_shim_on_use_helper
 .text.__wrap___aeabi_dsub
                0x0000000010004324       0x10 CMakeFiles/remote.dir/home/emmett/pico/pico-sdk/src/rp2_common/pico_double/double_v1_rom_shim.S.obj
                0x0000000010004324                drsub_shim
                0x000000001000432a                dsub_shim
 .text.dadd_shim
                0x0000000010004334      0x15c CMakeFiles/remote.dir/home/emmett/pico/pico-sdk/src/rp2_common/pico_double/double_v1_rom_shim.S.obj
                0x0000000010004334                dadd_shim
 .text.dmul_shim
                0x0000000010004490      0x15c CMakeFiles/remote.dir/home/emmett/pico/pico-sdk/src/rp2_common/pico_double/double_v1_rom_shim.S.obj
                0x0000000010004490                dmul_shim
 .text.ddiv_shim
                0x00000000100045ec      0x1b0 CMakeFiles/remote.dir/home/emmett/pico/pico-sdk/src/rp2_common/pico_double/double_v1_rom_shim.S.obj
                0x00000000100045ec                ddiv_shim
 .text.double2uint_shim
                0x000000001000479c        0xe CMakeFiles/remote.dir/home/emmett/pico/pico-sdk/src/rp2_common/pico_double/double_v1_rom_shim.S.obj
                0x000000001000479c                double2uint_shim
                0x000000001000479e                double2ufix_shim
 *fill*         0x00000000100047aa        0x2 
 .text.double2uint64_shim
                0x00000000100047ac       0x70 CMakeFiles/remote.dir/home/emmett/pico/pico-sdk/src/rp2_common/pico_double/double_v1_rom_shim.S.obj
                0x00000000100047ac                double2uint64_shim
                0x00000000100047ae                double2ufix64_shim
                0x00000000100047ce                d2fix_a
 .text.dunpacks
                0x000000001000481c       0x3c CMakeFiles/remote.dir/home/emmett/pico/pico-sdk/src/rp2_common/pico_double/double_v1_rom_shim.S.obj
                0x000000001000481c                dunpacks
 .text.__aeabi_lmul
                0x0000000010004858       0x32 CMakeFiles/remote.dir/home/emmett/pico/pico-sdk/src/rp2_common/pico_int64_ops/pico_int64_ops_aeabi.S.obj
                0x0000000010004858                __wrap___aeabi_lmul
 *fill*         0x000000001000488a        0x2 
 .text.__wrap___aeabi_farithmetic
                0x000000001000488c       0x48 CMakeFiles/remote.dir/home/emmett/pico/pico-sdk/src/rp2_common/pico_float/float_aeabi.S.obj
                0x000000001000488c                __wrap___aeabi_frsub
                0x0000000010004892                __wrap___aeabi_fsub
                0x0000000010004898                __wrap___aeabi_fadd
                0x000000001000489e                __wrap___aeabi_fdiv
                0x00000000100048c6                __wrap___aeabi_fmul
 .text.__wrap___aeabi_cfcmple
                0x00000000100048d4       0x50 CMakeFiles/remote.dir/home/emmett/pico/pico-sdk/src/rp2_common/pico_float/float_aeabi.S.obj
                0x00000000100048d4                __wrap___aeabi_cfrcmple
                0x00000000100048e0                __wrap___aeabi_cfcmpeq
                0x00000000100048e0                __wrap___aeabi_cfcmple
 .text.__wrap___aeabi_fcmpgt
                0x0000000010004924        0xa CMakeFiles/remote.dir/home/emmett/pico/pico-sdk/src/rp2_common/pico_float/float_aeabi.S.obj
                0x0000000010004924                __wrap___aeabi_fcmpgt
 *fill*         0x000000001000492e        0x2 
 .text.__wrap___aeabi_i2f
                0x0000000010004930       0x44 CMakeFiles/remote.dir/home/emmett/pico/pico-sdk/src/rp2_common/pico_float/float_aeabi.S.obj
                0x0000000010004930                __wrap___aeabi_i2f
 .text.__aeabi_float_init
                0x0000000010004974       0x64 CMakeFiles/remote.dir/home/emmett/pico/pico-sdk/src/rp2_common/pico_float/float_init_rom.c.obj
                0x0000000010004974                __aeabi_float_init
 .text.float_table_shim_on_use_helper
                0x00000000100049d8       0x2c CMakeFiles/remote.dir/home/emmett/pico/pico-sdk/src/rp2_common/pico_float/float_v1_rom_shim.S.obj
                0x00000000100049d8                float_table_shim_on_use_helper
 .text.__wrap_malloc
                0x0000000010004a04       0x24 CMakeFiles/remote.dir/home/emmett/pico/pico-sdk/src/rp2_common/pico_malloc/pico_malloc.c.obj
                0x0000000010004a04                __wrap_malloc
 .text.__wrap_free
                0x0000000010004a28        0x8 CMakeFiles/remote.dir/home/emmett/pico/pico-sdk/src/rp2_common/pico_malloc/pico_malloc.c.obj
                0x0000000010004a28                __wrap_free
 .text          0x0000000010004a30       0x10 CMakeFiles/remote.dir/home/emmett/pico/pico-sdk/src/rp2_common/pico_mem_ops/mem_ops_aeabi.S.obj
                0x0000000010004a30                __aeabi_mem_init
 .text.memset   0x0000000010004a40        0xc CMakeFiles/remote.dir/home/emmett/pico/pico-sdk/src/rp2_common/pico_mem_ops/mem_ops_aeabi.S.obj
                0x0000000010004a40                __wrap_memset
 .text.memcpy   0x0000000010004a4c        0xc CMakeFiles/remote.dir/home/emmett/pico/pico-sdk/src/rp2_common/pico_mem_ops/mem_ops_aeabi.S.obj
                0x0000000010004a4c                __wrap___aeabi_memcpy
                0x0000000010004a4c                __wrap_memcpy
 .text._Znwj    0x0000000010004a58        0x8 CMakeFiles/remote.dir/home/emmett/pico/pico-sdk/src/rp2_common/pico_standard_link/new_delete.cpp.obj
                0x0000000010004a58                operator new(unsigned int)
 .text._ZdlPv   0x0000000010004a60        0x8 CMakeFiles/remote.dir/home/emmett/pico/pico-sdk/src/rp2_common/pico_standard_link/new_delete.cpp.obj
                0x0000000010004a60                operator delete(void*)
 .text._ZdlPvj  0x0000000010004a68        0x8 CMakeFiles/remote.dir/home/emmett/pico/pico-sdk/src/rp2_common/pico_standard_link/new_delete.cpp.obj
                0x0000000010004a68                operator delete(void*, unsigned int)
 .text.stdio_out_chars_no_crlf
                0x0000000010004a70       0x10 CMakeFiles/remote.dir/home/emmett/pico/pico-sdk/src/rp2_common/pico_stdio/stdio.c.obj
 .text.stdio_out_chars_crlf
                0x0000000010004a80       0xb4 CMakeFiles/remote.dir/home/emmett/pico/pico-sdk/src/rp2_common/pico_stdio/stdio.c.obj
 .text.stdio_buffered_printer
                0x0000000010004b34       0x64 CMakeFiles/remote.dir/home/emmett/pico/pico-sdk/src/rp2_common/pico_stdio/stdio.c.obj
 .text.stdio_put_string.isra.0
                0x0000000010004b98       0xfc CMakeFiles/remote.dir/home/emmett/pico/pico-sdk/src/rp2_common/pico_stdio/stdio.c.obj
 .text.__wrap_putchar
                0x0000000010004c94       0x98 CMakeFiles/remote.dir/home/emmett/pico/pico-sdk/src/rp2_common/pico_stdio/stdio.c.obj
                0x0000000010004c94                __wrap_putchar
 .text.__wrap_puts
                0x0000000010004d2c       0x3c CMakeFiles/remote.dir/home/emmett/pico/pico-sdk/src/rp2_common/pico_stdio/stdio.c.obj
                0x0000000010004d2c                __wrap_puts
 .text.stdio_set_driver_enabled
                0x0000000010004d68       0x30 CMakeFiles/remote.dir/home/emmett/pico/pico-sdk/src/rp2_common/pico_stdio/stdio.c.obj
                0x0000000010004d68                stdio_set_driver_enabled
 .text.__wrap_vprintf
                0x0000000010004d98       0xd8 CMakeFiles/remote.dir/home/emmett/pico/pico-sdk/src/rp2_common/pico_stdio/stdio.c.obj
                0x0000000010004d98                __wrap_vprintf
 .text.__wrap_printf
                0x0000000010004e70       0x18 CMakeFiles/remote.dir/home/emmett/pico/pico-sdk/src/rp2_common/pico_stdio/stdio.c.obj
                0x0000000010004e70                __wrap_printf
 .text.stdio_init_all
                0x0000000010004e88        0x8 CMakeFiles/remote.dir/home/emmett/pico/pico-sdk/src/rp2_common/pico_stdio/stdio.c.obj
                0x0000000010004e88                stdio_init_all
 .text.resetd_init
                0x0000000010004e90        0x4 CMakeFiles/remote.dir/home/emmett/pico/pico-sdk/src/rp2_common/pico_stdio_usb/reset_interface.c.obj
 .text.resetd_reset
                0x0000000010004e94        0xc CMakeFiles/remote.dir/home/emmett/pico/pico-sdk/src/rp2_common/pico_stdio_usb/reset_interface.c.obj
 .text.resetd_open
                0x0000000010004ea0       0x28 CMakeFiles/remote.dir/home/emmett/pico/pico-sdk/src/rp2_common/pico_stdio_usb/reset_interface.c.obj
 .text.resetd_xfer_cb
                0x0000000010004ec8        0x4 CMakeFiles/remote.dir/home/emmett/pico/pico-sdk/src/rp2_common/pico_stdio_usb/reset_interface.c.obj
 .text.resetd_control_xfer_cb
                0x0000000010004ecc       0x64 CMakeFiles/remote.dir/home/emmett/pico/pico-sdk/src/rp2_common/pico_stdio_usb/reset_interface.c.obj
 .text.usbd_app_driver_get_cb
                0x0000000010004f30        0xc CMakeFiles/remote.dir/home/emmett/pico/pico-sdk/src/rp2_common/pico_stdio_usb/reset_interface.c.obj
                0x0000000010004f30                usbd_app_driver_get_cb
 .text.tud_cdc_line_coding_cb
                0x0000000010004f3c       0x34 CMakeFiles/remote.dir/home/emmett/pico/pico-sdk/src/rp2_common/pico_stdio_usb/reset_interface.c.obj
                0x0000000010004f3c                tud_cdc_line_coding_cb
 .text.stdio_usb_set_chars_available_callback
                0x0000000010004f70       0x14 CMakeFiles/remote.dir/home/emmett/pico/pico-sdk/src/rp2_common/pico_stdio_usb/stdio_usb.c.obj
                0x0000000010004f70                stdio_usb_set_chars_available_callback
 .text.usb_irq  0x0000000010004f84       0x10 CMakeFiles/remote.dir/home/emmett/pico/pico-sdk/src/rp2_common/pico_stdio_usb/stdio_usb.c.obj
 .text.timer_task
                0x0000000010004f94       0x54 CMakeFiles/remote.dir/home/emmett/pico/pico-sdk/src/rp2_common/pico_stdio_usb/stdio_usb.c.obj
 .text.stdio_usb_in_chars
                0x0000000010004fe8       0x90 CMakeFiles/remote.dir/home/emmett/pico/pico-sdk/src/rp2_common/pico_stdio_usb/stdio_usb.c.obj
                0x0000000010004fe8                stdio_usb_in_chars
 .text.stdio_usb_out_chars
                0x0000000010005078      0x100 CMakeFiles/remote.dir/home/emmett/pico/pico-sdk/src/rp2_common/pico_stdio_usb/stdio_usb.c.obj
 .text.low_priority_worker_irq
                0x0000000010005178       0xa8 CMakeFiles/remote.dir/home/emmett/pico/pico-sdk/src/rp2_common/pico_stdio_usb/stdio_usb.c.obj
 .text.tud_cdc_rx_cb
                0x0000000010005220       0x20 CMakeFiles/remote.dir/home/emmett/pico/pico-sdk/src/rp2_common/pico_stdio_usb/stdio_usb.c.obj
                0x0000000010005220                tud_cdc_rx_cb
 .text.stdio_usb_init
                0x0000000010005240       0xdc CMakeFiles/remote.dir/home/emmett/pico/pico-sdk/src/rp2_common/pico_stdio_usb/stdio_usb.c.obj
                0x0000000010005240                stdio_usb_init
 .text.tud_descriptor_device_cb
                0x000000001000531c        0x8 CMakeFiles/remote.dir/home/emmett/pico/pico-sdk/src/rp2_common/pico_stdio_usb/stdio_usb_descriptors.c.obj
                0x000000001000531c                tud_descriptor_device_cb
 .text.tud_descriptor_configuration_cb
                0x0000000010005324        0x8 CMakeFiles/remote.dir/home/emmett/pico/pico-sdk/src/rp2_common/pico_stdio_usb/stdio_usb_descriptors.c.obj
                0x0000000010005324                tud_descriptor_configuration_cb
 .text.tud_descriptor_string_cb
                0x000000001000532c       0x74 CMakeFiles/remote.dir/home/emmett/pico/pico-sdk/src/rp2_common/pico_stdio_usb/stdio_usb_descriptors.c.obj
                0x000000001000532c                tud_descriptor_string_cb
 .text.startup._retrieve_unique_id_on_boot
                0x00000000100053a0       0x10 CMakeFiles/remote.dir/home/emmett/pico/pico-sdk/src/rp2_common/pico_unique_id/unique_id.c.obj
 .text.pico_get_unique_board_id_string
                0x00000000100053b0      0x1a8 CMakeFiles/remote.dir/home/emmett/pico/pico-sdk/src/rp2_common/pico_unique_id/unique_id.c.obj
                0x00000000100053b0                pico_get_unique_board_id_string
 .text.flash_get_unique_id
                0x0000000010005558       0x40 CMakeFiles/remote.dir/home/emmett/pico/pico-sdk/src/rp2_common/hardware_flash/flash.c.obj
                0x0000000010005558                flash_get_unique_id
 .text.dcd_int_enable
                0x0000000010005598        0xc CMakeFiles/remote.dir/home/emmett/pico/pico-sdk/lib/tinyusb/src/portable/raspberrypi/rp2040/dcd_rp2040.c.obj
                0x0000000010005598                dcd_int_enable
 .text.dcd_set_address
                0x00000000100055a4       0x14 CMakeFiles/remote.dir/home/emmett/pico/pico-sdk/lib/tinyusb/src/portable/raspberrypi/rp2040/dcd_rp2040.c.obj
                0x00000000100055a4                dcd_set_address
 .text.dcd_connect
                0x00000000100055b8       0x10 CMakeFiles/remote.dir/home/emmett/pico/pico-sdk/lib/tinyusb/src/portable/raspberrypi/rp2040/dcd_rp2040.c.obj
                0x00000000100055b8                dcd_connect
 .text.dcd_init
                0x00000000100055c8       0x98 CMakeFiles/remote.dir/home/emmett/pico/pico-sdk/lib/tinyusb/src/portable/raspberrypi/rp2040/dcd_rp2040.c.obj
                0x00000000100055c8                dcd_init
 .text.dcd_edpt0_status_complete
                0x0000000010005660       0x1c CMakeFiles/remote.dir/home/emmett/pico/pico-sdk/lib/tinyusb/src/portable/raspberrypi/rp2040/dcd_rp2040.c.obj
                0x0000000010005660                dcd_edpt0_status_complete
 .text.dcd_edpt_open
                0x000000001000567c      0x108 CMakeFiles/remote.dir/home/emmett/pico/pico-sdk/lib/tinyusb/src/portable/raspberrypi/rp2040/dcd_rp2040.c.obj
                0x000000001000567c                dcd_edpt_open
 .text.dcd_edpt_close_all
                0x0000000010005784        0x8 CMakeFiles/remote.dir/home/emmett/pico/pico-sdk/lib/tinyusb/src/portable/raspberrypi/rp2040/dcd_rp2040.c.obj
                0x0000000010005784                dcd_edpt_close_all
 .text.dcd_edpt_xfer
                0x000000001000578c       0x24 CMakeFiles/remote.dir/home/emmett/pico/pico-sdk/lib/tinyusb/src/portable/raspberrypi/rp2040/dcd_rp2040.c.obj
                0x000000001000578c                dcd_edpt_xfer
 .text.dcd_edpt_stall
                0x00000000100057b0       0x38 CMakeFiles/remote.dir/home/emmett/pico/pico-sdk/lib/tinyusb/src/portable/raspberrypi/rp2040/dcd_rp2040.c.obj
                0x00000000100057b0                dcd_edpt_stall
 .text.dcd_edpt_clear_stall
                0x00000000100057e8       0x30 CMakeFiles/remote.dir/home/emmett/pico/pico-sdk/lib/tinyusb/src/portable/raspberrypi/rp2040/dcd_rp2040.c.obj
                0x00000000100057e8                dcd_edpt_clear_stall
 .text.rp2040_usb_init
                0x0000000010005818       0x4c CMakeFiles/remote.dir/home/emmett/pico/pico-sdk/lib/tinyusb/src/portable/raspberrypi/rp2040/rp2040_usb.c.obj
                0x0000000010005818                rp2040_usb_init
 .text.hw_endpoint_xfer_start
                0x0000000010005864       0x50 CMakeFiles/remote.dir/home/emmett/pico/pico-sdk/lib/tinyusb/src/portable/raspberrypi/rp2040/rp2040_usb.c.obj
                0x0000000010005864                hw_endpoint_xfer_start
 .text.tud_mounted
                0x00000000100058b4       0x10 CMakeFiles/remote.dir/home/emmett/pico/pico-sdk/lib/tinyusb/src/device/usbd.c.obj
                0x00000000100058b4                tud_mounted
 .text.tud_suspended
                0x00000000100058c4       0x10 CMakeFiles/remote.dir/home/emmett/pico/pico-sdk/lib/tinyusb/src/device/usbd.c.obj
                0x00000000100058c4                tud_suspended
 .text.tud_inited
                0x00000000100058d4       0x14 CMakeFiles/remote.dir/home/emmett/pico/pico-sdk/lib/tinyusb/src/device/usbd.c.obj
                0x00000000100058d4                tud_inited
 .text.tud_init
                0x00000000100058e8       0xe4 CMakeFiles/remote.dir/home/emmett/pico/pico-sdk/lib/tinyusb/src/device/usbd.c.obj
                0x00000000100058e8                tud_init
 .text.tud_task_ext
                0x00000000100059cc      0x854 CMakeFiles/remote.dir/home/emmett/pico/pico-sdk/lib/tinyusb/src/device/usbd.c.obj
                0x00000000100059cc                tud_task_ext
 .text.usbd_open_edpt_pair
                0x0000000010006220       0x9c CMakeFiles/remote.dir/home/emmett/pico/pico-sdk/lib/tinyusb/src/device/usbd.c.obj
                0x0000000010006220                usbd_open_edpt_pair
 .text.usbd_defer_func
                0x00000000100062bc       0x48 CMakeFiles/remote.dir/home/emmett/pico/pico-sdk/lib/tinyusb/src/device/usbd.c.obj
                0x00000000100062bc                usbd_defer_func
 .text.usbd_edpt_open
                0x0000000010006304       0x34 CMakeFiles/remote.dir/home/emmett/pico/pico-sdk/lib/tinyusb/src/device/usbd.c.obj
                0x0000000010006304                usbd_edpt_open
 .text.usbd_edpt_claim
                0x0000000010006338       0x28 CMakeFiles/remote.dir/home/emmett/pico/pico-sdk/lib/tinyusb/src/device/usbd.c.obj
                0x0000000010006338                usbd_edpt_claim
 .text.usbd_edpt_release
                0x0000000010006360       0x28 CMakeFiles/remote.dir/home/emmett/pico/pico-sdk/lib/tinyusb/src/device/usbd.c.obj
                0x0000000010006360                usbd_edpt_release
 .text.usbd_edpt_xfer
                0x0000000010006388       0x4c CMakeFiles/remote.dir/home/emmett/pico/pico-sdk/lib/tinyusb/src/device/usbd.c.obj
                0x0000000010006388                usbd_edpt_xfer
 .text.tud_control_status
                0x00000000100063d4       0x30 CMakeFiles/remote.dir/home/emmett/pico/pico-sdk/lib/tinyusb/src/device/usbd_control.c.obj
                0x00000000100063d4                tud_control_status
 .text.tud_control_xfer
                0x0000000010006404       0xbc CMakeFiles/remote.dir/home/emmett/pico/pico-sdk/lib/tinyusb/src/device/usbd_control.c.obj
                0x0000000010006404                tud_control_xfer
 .text.usbd_control_reset
                0x00000000100064c0       0x14 CMakeFiles/remote.dir/home/emmett/pico/pico-sdk/lib/tinyusb/src/device/usbd_control.c.obj
                0x00000000100064c0                usbd_control_reset
 .text.usbd_control_set_complete_callback
                0x00000000100064d4        0xc CMakeFiles/remote.dir/home/emmett/pico/pico-sdk/lib/tinyusb/src/device/usbd_control.c.obj
                0x00000000100064d4                usbd_control_set_complete_callback
 .text.usbd_control_set_request
                0x00000000100064e0       0x1c CMakeFiles/remote.dir/home/emmett/pico/pico-sdk/lib/tinyusb/src/device/usbd_control.c.obj
                0x00000000100064e0                usbd_control_set_request
 .text.usbd_control_xfer_cb
                0x00000000100064fc       0xfc CMakeFiles/remote.dir/home/emmett/pico/pico-sdk/lib/tinyusb/src/device/usbd_control.c.obj
                0x00000000100064fc                usbd_control_xfer_cb
 .text.tud_cdc_n_connected
                0x00000000100065f8       0x30 CMakeFiles/remote.dir/home/emmett/pico/pico-sdk/lib/tinyusb/src/class/cdc/cdc_device.c.obj
                0x00000000100065f8                tud_cdc_n_connected
 .text.tud_cdc_n_available
                0x0000000010006628       0x18 CMakeFiles/remote.dir/home/emmett/pico/pico-sdk/lib/tinyusb/src/class/cdc/cdc_device.c.obj
                0x0000000010006628                tud_cdc_n_available
 .text.tud_cdc_n_read
                0x0000000010006640       0x70 CMakeFiles/remote.dir/home/emmett/pico/pico-sdk/lib/tinyusb/src/class/cdc/cdc_device.c.obj
                0x0000000010006640                tud_cdc_n_read
 .text.tud_cdc_n_write_flush
                0x00000000100066b0       0x78 CMakeFiles/remote.dir/home/emmett/pico/pico-sdk/lib/tinyusb/src/class/cdc/cdc_device.c.obj
                0x00000000100066b0                tud_cdc_n_write_flush
 .text.tud_cdc_n_write
                0x0000000010006728       0x34 CMakeFiles/remote.dir/home/emmett/pico/pico-sdk/lib/tinyusb/src/class/cdc/cdc_device.c.obj
                0x0000000010006728                tud_cdc_n_write
 .text.tud_cdc_n_write_available
                0x000000001000675c       0x18 CMakeFiles/remote.dir/home/emmett/pico/pico-sdk/lib/tinyusb/src/class/cdc/cdc_device.c.obj
                0x000000001000675c                tud_cdc_n_write_available
 .text.cdcd_init
                0x0000000010006774       0x7c CMakeFiles/remote.dir/home/emmett/pico/pico-sdk/lib/tinyusb/src/class/cdc/cdc_device.c.obj
                0x0000000010006774                cdcd_init
 .text.cdcd_reset
                0x00000000100067f0       0x2c CMakeFiles/remote.dir/home/emmett/pico/pico-sdk/lib/tinyusb/src/class/cdc/cdc_device.c.obj
                0x00000000100067f0                cdcd_reset
 .text.cdcd_open
                0x000000001000681c       0xe8 CMakeFiles/remote.dir/home/emmett/pico/pico-sdk/lib/tinyusb/src/class/cdc/cdc_device.c.obj
                0x000000001000681c                cdcd_open
 .text.cdcd_control_xfer_cb
                0x0000000010006904       0xe4 CMakeFiles/remote.dir/home/emmett/pico/pico-sdk/lib/tinyusb/src/class/cdc/cdc_device.c.obj
                0x0000000010006904                cdcd_control_xfer_cb
 .text.cdcd_xfer_cb
                0x00000000100069e8      0x148 CMakeFiles/remote.dir/home/emmett/pico/pico-sdk/lib/tinyusb/src/class/cdc/cdc_device.c.obj
                0x00000000100069e8                cdcd_xfer_cb
 .text.tusb_init
                0x0000000010006b30        0xc CMakeFiles/remote.dir/home/emmett/pico/pico-sdk/lib/tinyusb/src/tusb.c.obj
                0x0000000010006b30                tusb_init
 .text.tusb_inited
                0x0000000010006b3c        0x8 CMakeFiles/remote.dir/home/emmett/pico/pico-sdk/lib/tinyusb/src/tusb.c.obj
                0x0000000010006b3c                tusb_inited
 .text.tu_edpt_claim
                0x0000000010006b44       0x50 CMakeFiles/remote.dir/home/emmett/pico/pico-sdk/lib/tinyusb/src/tusb.c.obj
                0x0000000010006b44                tu_edpt_claim
 .text.tu_edpt_release
                0x0000000010006b94       0x38 CMakeFiles/remote.dir/home/emmett/pico/pico-sdk/lib/tinyusb/src/tusb.c.obj
                0x0000000010006b94                tu_edpt_release
 .text.tu_edpt_validate
                0x0000000010006bcc       0x78 CMakeFiles/remote.dir/home/emmett/pico/pico-sdk/lib/tinyusb/src/tusb.c.obj
                0x0000000010006bcc                tu_edpt_validate
 .text.tu_edpt_bind_driver
                0x0000000010006c44       0x34 CMakeFiles/remote.dir/home/emmett/pico/pico-sdk/lib/tinyusb/src/tusb.c.obj
                0x0000000010006c44                tu_edpt_bind_driver
 .text.tu_fifo_config
                0x0000000010006c78       0x70 CMakeFiles/remote.dir/home/emmett/pico/pico-sdk/lib/tinyusb/src/common/tusb_fifo.c.obj
                0x0000000010006c78                tu_fifo_config
 .text.tu_fifo_count
                0x0000000010006ce8       0x2c CMakeFiles/remote.dir/home/emmett/pico/pico-sdk/lib/tinyusb/src/common/tusb_fifo.c.obj
                0x0000000010006ce8                tu_fifo_count
 .text.tu_fifo_empty
                0x0000000010006d14       0x10 CMakeFiles/remote.dir/home/emmett/pico/pico-sdk/lib/tinyusb/src/common/tusb_fifo.c.obj
                0x0000000010006d14                tu_fifo_empty
 .text.tu_fifo_remaining
                0x0000000010006d24       0x2c CMakeFiles/remote.dir/home/emmett/pico/pico-sdk/lib/tinyusb/src/common/tusb_fifo.c.obj
                0x0000000010006d24                tu_fifo_remaining
 .text.tu_fifo_read
                0x0000000010006d50       0xa0 CMakeFiles/remote.dir/home/emmett/pico/pico-sdk/lib/tinyusb/src/common/tusb_fifo.c.obj
                0x0000000010006d50                tu_fifo_read
 .text.tu_fifo_read_n
                0x0000000010006df0       0xec CMakeFiles/remote.dir/home/emmett/pico/pico-sdk/lib/tinyusb/src/common/tusb_fifo.c.obj
                0x0000000010006df0                tu_fifo_read_n
 .text.tu_fifo_write
                0x0000000010006edc       0x88 CMakeFiles/remote.dir/home/emmett/pico/pico-sdk/lib/tinyusb/src/common/tusb_fifo.c.obj
                0x0000000010006edc                tu_fifo_write
 .text.tu_fifo_write_n
                0x0000000010006f64      0x168 CMakeFiles/remote.dir/home/emmett/pico/pico-sdk/lib/tinyusb/src/common/tusb_fifo.c.obj
                0x0000000010006f64                tu_fifo_write_n
 .text.tu_fifo_clear
                0x00000000100070cc       0x40 CMakeFiles/remote.dir/home/emmett/pico/pico-sdk/lib/tinyusb/src/common/tusb_fifo.c.obj
                0x00000000100070cc                tu_fifo_clear
 .text.tu_fifo_set_overwritable
                0x000000001000710c       0x48 CMakeFiles/remote.dir/home/emmett/pico/pico-sdk/lib/tinyusb/src/common/tusb_fifo.c.obj
                0x000000001000710c                tu_fifo_set_overwritable
 .text.adc_init
                0x0000000010007154       0x38 CMakeFiles/remote.dir/home/emmett/pico/pico-sdk/src/rp2_common/hardware_adc/adc.c.obj
                0x0000000010007154                adc_init
 .text.i2c_set_baudrate
                0x000000001000718c       0xc4 CMakeFiles/remote.dir/home/emmett/pico/pico-sdk/src/rp2_common/hardware_i2c/i2c.c.obj
                0x000000001000718c                i2c_set_baudrate
 .text.i2c_init
                0x0000000010007250       0x54 CMakeFiles/remote.dir/home/emmett/pico/pico-sdk/src/rp2_common/hardware_i2c/i2c.c.obj
                0x0000000010007250                i2c_init
 .text.i2c_set_slave_mode
                0x00000000100072a4       0x40 CMakeFiles/remote.dir/home/emmett/pico/pico-sdk/src/rp2_common/hardware_i2c/i2c.c.obj
                0x00000000100072a4                i2c_set_slave_mode
 .text.i2c_slave_init
                0x00000000100072e4       0x48 CMakeFiles/remote.dir/home/emmett/pico/pico-sdk/src/rp2_common/pico_i2c_slave/i2c_slave.c.obj
                0x00000000100072e4                i2c_slave_init
 .text._Z11signal_initv
                0x000000001000732c       0x50 libsignal.a(signal.cpp.obj)
                0x000000001000732c                signal_init()
 .text._Z13record_signalP8button_t
                0x000000001000737c      0x104 libsignal.a(signal.cpp.obj)
                0x000000001000737c                record_signal(button_t*)
 .text._Z12print_signalP8button_t
                0x0000000010007480       0x3c libsignal.a(signal.cpp.obj)
                0x0000000010007480                print_signal(button_t*)
 .text._Z11play_signalP8button_t
                0x00000000100074bc       0x50 libsignal.a(signal.cpp.obj)
                0x00000000100074bc                play_signal(button_t*)
 .text.unlikely._ZSt17__throw_bad_allocv
                0x000000001000750c       0x20 /usr/lib/gcc/arm-none-eabi/10.3.1/../../../arm-none-eabi/lib/thumb/v6-m/nofp/libstdc++.a(functexcept.o)
                0x000000001000750c                std::__throw_bad_alloc()
 .text.unlikely._ZSt19__throw_logic_errorPKc
                0x000000001000752c       0x30 /usr/lib/gcc/arm-none-eabi/10.3.1/../../../arm-none-eabi/lib/thumb/v6-m/nofp/libstdc++.a(functexcept.o)
                0x000000001000752c                std::__throw_logic_error(char const*)
 .text.unlikely._ZSt20__throw_length_errorPKc
                0x000000001000755c       0x30 /usr/lib/gcc/arm-none-eabi/10.3.1/../../../arm-none-eabi/lib/thumb/v6-m/nofp/libstdc++.a(functexcept.o)
                0x000000001000755c                std::__throw_length_error(char const*)
 .text._ZNKSt9bad_alloc4whatEv
                0x000000001000758c        0x8 /usr/lib/gcc/arm-none-eabi/10.3.1/../../../arm-none-eabi/lib/thumb/v6-m/nofp/libstdc++.a(bad_alloc.o)
                0x000000001000758c                std::bad_alloc::what() const
 .text._ZNSt9bad_allocD2Ev
                0x0000000010007594       0x18 /usr/lib/gcc/arm-none-eabi/10.3.1/../../../arm-none-eabi/lib/thumb/v6-m/nofp/libstdc++.a(bad_alloc.o)
                0x0000000010007594                std::bad_alloc::~bad_alloc()
                0x0000000010007594                std::bad_alloc::~bad_alloc()
 .text._ZNSt9bad_allocD0Ev
                0x00000000100075ac       0x20 /usr/lib/gcc/arm-none-eabi/10.3.1/../../../arm-none-eabi/lib/thumb/v6-m/nofp/libstdc++.a(bad_alloc.o)
                0x00000000100075ac                std::bad_alloc::~bad_alloc()
 .text._ZN12_GLOBAL__N_14pool4freeEPv.constprop.0
                0x00000000100075cc       0x78 /usr/lib/gcc/arm-none-eabi/10.3.1/../../../arm-none-eabi/lib/thumb/v6-m/nofp/libstdc++.a(eh_alloc.o)
 .text._ZN12_GLOBAL__N_14pool8allocateEj.constprop.0
                0x0000000010007644       0x54 /usr/lib/gcc/arm-none-eabi/10.3.1/../../../arm-none-eabi/lib/thumb/v6-m/nofp/libstdc++.a(eh_alloc.o)
 .text.__cxa_allocate_exception
                0x0000000010007698       0x2c /usr/lib/gcc/arm-none-eabi/10.3.1/../../../arm-none-eabi/lib/thumb/v6-m/nofp/libstdc++.a(eh_alloc.o)
                0x0000000010007698                __cxa_allocate_exception
 .text.__cxa_free_exception
                0x00000000100076c4       0x24 /usr/lib/gcc/arm-none-eabi/10.3.1/../../../arm-none-eabi/lib/thumb/v6-m/nofp/libstdc++.a(eh_alloc.o)
                0x00000000100076c4                __cxa_free_exception
 .text.startup._GLOBAL__sub_I__ZN9__gnu_cxx9__freeresEv
                0x00000000100076e8       0x2c /usr/lib/gcc/arm-none-eabi/10.3.1/../../../arm-none-eabi/lib/thumb/v6-m/nofp/libstdc++.a(eh_alloc.o)
 .text.__cxa_end_cleanup
                0x0000000010007714        0xc /usr/lib/gcc/arm-none-eabi/10.3.1/../../../arm-none-eabi/lib/thumb/v6-m/nofp/libstdc++.a(eh_arm.o)
                0x0000000010007714                __cxa_end_cleanup
 .text.__cxa_type_match
                0x0000000010007720       0xc0 /usr/lib/gcc/arm-none-eabi/10.3.1/../../../arm-none-eabi/lib/thumb/v6-m/nofp/libstdc++.a(eh_arm.o)
                0x0000000010007720                __cxa_type_match
 .text.__cxa_begin_cleanup
                0x00000000100077e0       0x60 /usr/lib/gcc/arm-none-eabi/10.3.1/../../../arm-none-eabi/lib/thumb/v6-m/nofp/libstdc++.a(eh_arm.o)
                0x00000000100077e0                __cxa_begin_cleanup
 .text.__gnu_end_cleanup
                0x0000000010007840       0x70 /usr/lib/gcc/arm-none-eabi/10.3.1/../../../arm-none-eabi/lib/thumb/v6-m/nofp/libstdc++.a(eh_arm.o)
                0x0000000010007840                __gnu_end_cleanup
 .text._ZNSt9exceptionD2Ev
                0x00000000100078b0        0x4 /usr/lib/gcc/arm-none-eabi/10.3.1/../../../arm-none-eabi/lib/thumb/v6-m/nofp/libstdc++.a(eh_exception.o)
                0x00000000100078b0                std::exception::~exception()
                0x00000000100078b0                std::exception::~exception()
 .text._ZNSt13bad_exceptionD2Ev
                0x00000000100078b4        0x4 /usr/lib/gcc/arm-none-eabi/10.3.1/../../../arm-none-eabi/lib/thumb/v6-m/nofp/libstdc++.a(eh_exception.o)
                0x00000000100078b4                std::bad_exception::~bad_exception()
                0x00000000100078b4                std::bad_exception::~bad_exception()
 .text._ZNKSt13bad_exception4whatEv
                0x00000000100078b8        0x8 /usr/lib/gcc/arm-none-eabi/10.3.1/../../../arm-none-eabi/lib/thumb/v6-m/nofp/libstdc++.a(eh_exception.o)
                0x00000000100078b8                transaction clone for std::bad_exception::what() const
                0x00000000100078b8                std::bad_exception::what() const
 .text._ZNSt13bad_exceptionD0Ev
                0x00000000100078c0       0x10 /usr/lib/gcc/arm-none-eabi/10.3.1/../../../arm-none-eabi/lib/thumb/v6-m/nofp/libstdc++.a(eh_exception.o)
                0x00000000100078c0                std::bad_exception::~bad_exception()
 .text.__cxa_get_globals_fast
                0x00000000100078d0        0x8 /usr/lib/gcc/arm-none-eabi/10.3.1/../../../arm-none-eabi/lib/thumb/v6-m/nofp/libstdc++.a(eh_globals.o)
                0x00000000100078d0                __cxa_get_globals_fast
 .text.__cxa_get_globals
                0x00000000100078d8        0x8 /usr/lib/gcc/arm-none-eabi/10.3.1/../../../arm-none-eabi/lib/thumb/v6-m/nofp/libstdc++.a(eh_globals.o)
                0x00000000100078d8                __cxa_get_globals
 .text._ZL28read_encoded_value_with_basehjPKhPj
                0x00000000100078e0      0x114 /usr/lib/gcc/arm-none-eabi/10.3.1/../../../arm-none-eabi/lib/thumb/v6-m/nofp/libstdc++.a(eh_personality.o)
 .text._ZL21base_of_encoded_valuehP15_Unwind_Context
                0x00000000100079f4       0x48 /usr/lib/gcc/arm-none-eabi/10.3.1/../../../arm-none-eabi/lib/thumb/v6-m/nofp/libstdc++.a(eh_personality.o)
 .text._ZL17parse_lsda_headerP15_Unwind_ContextPKhP16lsda_header_info
                0x0000000010007a3c       0x98 /usr/lib/gcc/arm-none-eabi/10.3.1/../../../arm-none-eabi/lib/thumb/v6-m/nofp/libstdc++.a(eh_personality.o)
 .text.__gxx_personality_v0
                0x0000000010007ad4      0x4c8 /usr/lib/gcc/arm-none-eabi/10.3.1/../../../arm-none-eabi/lib/thumb/v6-m/nofp/libstdc++.a(eh_personality.o)
                0x0000000010007ad4                __gxx_personality_v0
 .text._ZN10__cxxabiv111__terminateEPFvvE
                0x0000000010007f9c       0x28 /usr/lib/gcc/arm-none-eabi/10.3.1/../../../arm-none-eabi/lib/thumb/v6-m/nofp/libstdc++.a(eh_terminate.o)
                0x0000000010007f9c                __cxxabiv1::__terminate(void (*)())
 .text._ZSt9terminatev
                0x0000000010007fc4       0x10 /usr/lib/gcc/arm-none-eabi/10.3.1/../../../arm-none-eabi/lib/thumb/v6-m/nofp/libstdc++.a(eh_terminate.o)
                0x0000000010007fc4                std::terminate()
 .text._ZN10__cxxabiv112__unexpectedEPFvvE
                0x0000000010007fd4        0x8 /usr/lib/gcc/arm-none-eabi/10.3.1/../../../arm-none-eabi/lib/thumb/v6-m/nofp/libstdc++.a(eh_terminate.o)
                0x0000000010007fd4                __cxxabiv1::__unexpected(void (*)())
 .text._ZSt10unexpectedv
                0x0000000010007fdc       0x10 /usr/lib/gcc/arm-none-eabi/10.3.1/../../../arm-none-eabi/lib/thumb/v6-m/nofp/libstdc++.a(eh_terminate.o)
                0x0000000010007fdc                std::unexpected()
 .text._ZSt13get_terminatev
                0x0000000010007fec        0xc /usr/lib/gcc/arm-none-eabi/10.3.1/../../../arm-none-eabi/lib/thumb/v6-m/nofp/libstdc++.a(eh_terminate.o)
                0x0000000010007fec                std::get_terminate()
 .text._ZSt14get_unexpectedv
                0x0000000010007ff8        0xc /usr/lib/gcc/arm-none-eabi/10.3.1/../../../arm-none-eabi/lib/thumb/v6-m/nofp/libstdc++.a(eh_terminate.o)
                0x0000000010007ff8                std::get_unexpected()
 .text._ZL23__gxx_exception_cleanup19_Unwind_Reason_CodeP21_Unwind_Control_Block
                0x0000000010008004       0x34 /usr/lib/gcc/arm-none-eabi/10.3.1/../../../arm-none-eabi/lib/thumb/v6-m/nofp/libstdc++.a(eh_throw.o)
 .text.__cxa_init_primary_exception
                0x0000000010008038       0x4c /usr/lib/gcc/arm-none-eabi/10.3.1/../../../arm-none-eabi/lib/thumb/v6-m/nofp/libstdc++.a(eh_throw.o)
                0x0000000010008038                __cxa_init_primary_exception
 .text.__cxa_throw
                0x0000000010008084       0x34 /usr/lib/gcc/arm-none-eabi/10.3.1/../../../arm-none-eabi/lib/thumb/v6-m/nofp/libstdc++.a(eh_throw.o)
                0x0000000010008084                __cxa_throw
 .text.__cxa_rethrow
                0x00000000100080b8       0x70 /usr/lib/gcc/arm-none-eabi/10.3.1/../../../arm-none-eabi/lib/thumb/v6-m/nofp/libstdc++.a(eh_throw.o)
                0x00000000100080b8                __cxa_rethrow
 .text._ZN10__cxxabiv120__si_class_type_infoD2Ev
                0x0000000010008128       0x18 /usr/lib/gcc/arm-none-eabi/10.3.1/../../../arm-none-eabi/lib/thumb/v6-m/nofp/libstdc++.a(si_class_type_info.o)
                0x0000000010008128                __cxxabiv1::__si_class_type_info::~__si_class_type_info()
                0x0000000010008128                __cxxabiv1::__si_class_type_info::~__si_class_type_info()
 .text._ZN10__cxxabiv120__si_class_type_infoD0Ev
                0x0000000010008140       0x20 /usr/lib/gcc/arm-none-eabi/10.3.1/../../../arm-none-eabi/lib/thumb/v6-m/nofp/libstdc++.a(si_class_type_info.o)
                0x0000000010008140                __cxxabiv1::__si_class_type_info::~__si_class_type_info()
 .text._ZNK10__cxxabiv120__si_class_type_info20__do_find_public_srcEiPKvPKNS_17__class_type_infoES2_
                0x0000000010008160       0x38 /usr/lib/gcc/arm-none-eabi/10.3.1/../../../arm-none-eabi/lib/thumb/v6-m/nofp/libstdc++.a(si_class_type_info.o)
                0x0000000010008160                __cxxabiv1::__si_class_type_info::__do_find_public_src(int, void const*, __cxxabiv1::__class_type_info const*, void const*) const
 .text._ZNK10__cxxabiv120__si_class_type_info12__do_dyncastEiNS_17__class_type_info10__sub_kindEPKS1_PKvS4_S6_RNS1_16__dyncast_resultE
                0x0000000010008198       0x9c /usr/lib/gcc/arm-none-eabi/10.3.1/../../../arm-none-eabi/lib/thumb/v6-m/nofp/libstdc++.a(si_class_type_info.o)
                0x0000000010008198                __cxxabiv1::__si_class_type_info::__do_dyncast(int, __cxxabiv1::__class_type_info::__sub_kind, __cxxabiv1::__class_type_info const*, void const*, __cxxabiv1::__class_type_info const*, void const*, __cxxabiv1::__class_type_info::__dyncast_result&) const
 .text._ZNK10__cxxabiv120__si_class_type_info11__do_upcastEPKNS_17__class_type_infoEPKvRNS1_15__upcast_resultE
                0x0000000010008234       0x24 /usr/lib/gcc/arm-none-eabi/10.3.1/../../../arm-none-eabi/lib/thumb/v6-m/nofp/libstdc++.a(si_class_type_info.o)
                0x0000000010008234                __cxxabiv1::__si_class_type_info::__do_upcast(__cxxabiv1::__class_type_info const*, void const*, __cxxabiv1::__class_type_info::__upcast_result&) const
 .text._ZNSt9type_infoD2Ev
                0x0000000010008258        0x4 /usr/lib/gcc/arm-none-eabi/10.3.1/../../../arm-none-eabi/lib/thumb/v6-m/nofp/libstdc++.a(tinfo.o)
                0x0000000010008258                std::type_info::~type_info()
                0x0000000010008258                std::type_info::~type_info()
 .text._ZNKSt9type_info14__is_pointer_pEv
                0x000000001000825c        0x4 /usr/lib/gcc/arm-none-eabi/10.3.1/../../../arm-none-eabi/lib/thumb/v6-m/nofp/libstdc++.a(tinfo.o)
                0x000000001000825c                std::type_info::__is_function_p() const
                0x000000001000825c                std::type_info::__is_pointer_p() const
 .text._ZNKSt9type_infoeqERKS_
                0x0000000010008260       0x30 /usr/lib/gcc/arm-none-eabi/10.3.1/../../../arm-none-eabi/lib/thumb/v6-m/nofp/libstdc++.a(tinfo.o)
                0x0000000010008260                std::type_info::operator==(std::type_info const&) const
 .text._ZNKSt11logic_error4whatEv
                0x0000000010008290        0x4 /usr/lib/gcc/arm-none-eabi/10.3.1/../../../arm-none-eabi/lib/thumb/v6-m/nofp/libstdc++.a(stdexcept.o)
                0x0000000010008290                std::runtime_error::what() const
                0x0000000010008290                std::logic_error::what() const
 .text._ZNSt11logic_errorD2Ev
                0x0000000010008294       0x40 /usr/lib/gcc/arm-none-eabi/10.3.1/../../../arm-none-eabi/lib/thumb/v6-m/nofp/libstdc++.a(stdexcept.o)
                0x0000000010008294                std::logic_error::~logic_error()
                0x0000000010008294                std::logic_error::~logic_error()
 .text._ZNSt12length_errorD2Ev
                0x00000000100082d4       0x40 /usr/lib/gcc/arm-none-eabi/10.3.1/../../../arm-none-eabi/lib/thumb/v6-m/nofp/libstdc++.a(stdexcept.o)
                0x00000000100082d4                std::length_error::~length_error()
                0x00000000100082d4                std::length_error::~length_error()
 .text._ZNSt11logic_errorD0Ev
                0x0000000010008314       0x48 /usr/lib/gcc/arm-none-eabi/10.3.1/../../../arm-none-eabi/lib/thumb/v6-m/nofp/libstdc++.a(stdexcept.o)
                0x0000000010008314                std::logic_error::~logic_error()
 .text._ZNSt12length_errorD0Ev
                0x000000001000835c       0x48 /usr/lib/gcc/arm-none-eabi/10.3.1/../../../arm-none-eabi/lib/thumb/v6-m/nofp/libstdc++.a(stdexcept.o)
                0x000000001000835c                std::length_error::~length_error()
 .text._ZNSt11logic_errorC2EPKc
                0x00000000100083a4       0x88 /usr/lib/gcc/arm-none-eabi/10.3.1/../../../arm-none-eabi/lib/thumb/v6-m/nofp/libstdc++.a(cow-stdexcept.o)
                0x00000000100083a4                std::logic_error::logic_error(char const*)
                0x00000000100083a4                std::logic_error::logic_error(char const*)
 .text._ZNSt12length_errorC2EPKc
                0x000000001000842c       0x14 /usr/lib/gcc/arm-none-eabi/10.3.1/../../../arm-none-eabi/lib/thumb/v6-m/nofp/libstdc++.a(cow-stdexcept.o)
                0x000000001000842c                std::length_error::length_error(char const*)
                0x000000001000842c                std::length_error::length_error(char const*)
 .text._ZNSs4_Rep9_S_createEjjRKSaIcE
                0x0000000010008440       0x78 /usr/lib/gcc/arm-none-eabi/10.3.1/../../../arm-none-eabi/lib/thumb/v6-m/nofp/libstdc++.a(cow-string-inst.o)
                0x0000000010008440                std::string::_Rep::_S_create(unsigned int, unsigned int, std::allocator<char> const&)
 .text._ZNSs4_Rep10_M_destroyERKSaIcE
                0x00000000100084b8        0x8 /usr/lib/gcc/arm-none-eabi/10.3.1/../../../arm-none-eabi/lib/thumb/v6-m/nofp/libstdc++.a(cow-string-inst.o)
                0x00000000100084b8                std::string::_Rep::_M_destroy(std::allocator<char> const&)
 .text._ZNK10__cxxabiv117__class_type_info11__do_upcastEPKS0_PPv
                0x00000000100084c0       0x34 /usr/lib/gcc/arm-none-eabi/10.3.1/../../../arm-none-eabi/lib/thumb/v6-m/nofp/libstdc++.a(class_type_info.o)
                0x00000000100084c0                __cxxabiv1::__class_type_info::__do_upcast(__cxxabiv1::__class_type_info const*, void**) const
 .text._ZNK10__cxxabiv117__class_type_info20__do_find_public_srcEiPKvPKS0_S2_
                0x00000000100084f4       0x14 /usr/lib/gcc/arm-none-eabi/10.3.1/../../../arm-none-eabi/lib/thumb/v6-m/nofp/libstdc++.a(class_type_info.o)
                0x00000000100084f4                __cxxabiv1::__class_type_info::__do_find_public_src(int, void const*, __cxxabiv1::__class_type_info const*, void const*) const
 .text._ZN10__cxxabiv117__class_type_infoD2Ev
                0x0000000010008508       0x18 /usr/lib/gcc/arm-none-eabi/10.3.1/../../../arm-none-eabi/lib/thumb/v6-m/nofp/libstdc++.a(class_type_info.o)
                0x0000000010008508                __cxxabiv1::__class_type_info::~__class_type_info()
                0x0000000010008508                __cxxabiv1::__class_type_info::~__class_type_info()
 .text._ZN10__cxxabiv117__class_type_infoD0Ev
                0x0000000010008520       0x20 /usr/lib/gcc/arm-none-eabi/10.3.1/../../../arm-none-eabi/lib/thumb/v6-m/nofp/libstdc++.a(class_type_info.o)
                0x0000000010008520                __cxxabiv1::__class_type_info::~__class_type_info()
 .text._ZNK10__cxxabiv117__class_type_info12__do_dyncastEiNS0_10__sub_kindEPKS0_PKvS3_S5_RNS0_16__dyncast_resultE
                0x0000000010008540       0x40 /usr/lib/gcc/arm-none-eabi/10.3.1/../../../arm-none-eabi/lib/thumb/v6-m/nofp/libstdc++.a(class_type_info.o)
                0x0000000010008540                __cxxabiv1::__class_type_info::__do_dyncast(int, __cxxabiv1::__class_type_info::__sub_kind, __cxxabiv1::__class_type_info const*, void const*, __cxxabiv1::__class_type_info const*, void const*, __cxxabiv1::__class_type_info::__dyncast_result&) const
 .text._ZNK10__cxxabiv117__class_type_info11__do_upcastEPKS0_PKvRNS0_15__upcast_resultE
                0x0000000010008580       0x1c /usr/lib/gcc/arm-none-eabi/10.3.1/../../../arm-none-eabi/lib/thumb/v6-m/nofp/libstdc++.a(class_type_info.o)
                0x0000000010008580                __cxxabiv1::__class_type_info::__do_upcast(__cxxabiv1::__class_type_info const*, void const*, __cxxabiv1::__class_type_info::__upcast_result&) const
 .text._ZNK10__cxxabiv117__class_type_info10__do_catchEPKSt9type_infoPPvj
                0x000000001000859c       0x24 /usr/lib/gcc/arm-none-eabi/10.3.1/../../../arm-none-eabi/lib/thumb/v6-m/nofp/libstdc++.a(class_type_info.o)
                0x000000001000859c                __cxxabiv1::__class_type_info::__do_catch(std::type_info const*, void**, unsigned int) const
 .text._ZN10__cxxabiv1L24__is_gxx_exception_classEPc
                0x00000000100085c0       0x3c /usr/lib/gcc/arm-none-eabi/10.3.1/../../../arm-none-eabi/lib/thumb/v6-m/nofp/libstdc++.a(eh_call.o)
 .text.__cxa_call_terminate
                0x00000000100085fc       0x20 /usr/lib/gcc/arm-none-eabi/10.3.1/../../../arm-none-eabi/lib/thumb/v6-m/nofp/libstdc++.a(eh_call.o)
                0x00000000100085fc                __cxa_call_terminate
 .text.unlikely.__cxa_call_unexpected
                0x000000001000861c      0x100 /usr/lib/gcc/arm-none-eabi/10.3.1/../../../arm-none-eabi/lib/thumb/v6-m/nofp/libstdc++.a(eh_call.o)
                0x000000001000861c                __cxa_call_unexpected
 .text.__cxa_begin_catch
                0x000000001000871c       0x74 /usr/lib/gcc/arm-none-eabi/10.3.1/../../../arm-none-eabi/lib/thumb/v6-m/nofp/libstdc++.a(eh_catch.o)
                0x000000001000871c                __cxa_begin_catch
 .text.__cxa_end_catch
                0x0000000010008790       0x90 /usr/lib/gcc/arm-none-eabi/10.3.1/../../../arm-none-eabi/lib/thumb/v6-m/nofp/libstdc++.a(eh_catch.o)
                0x0000000010008790                __cxa_end_catch
 .text          0x0000000010008820       0x10 /usr/lib/gcc/arm-none-eabi/10.3.1/../../../arm-none-eabi/lib/thumb/v6-m/nofp/libc.a(lib_a-abort.o)
                0x0000000010008820                abort
 .text          0x0000000010008830       0x18 /usr/lib/gcc/arm-none-eabi/10.3.1/../../../arm-none-eabi/lib/thumb/v6-m/nofp/libc.a(lib_a-atoi.o)
                0x0000000010008830                atoi
                0x000000001000883c                _atoi_r
 .text          0x0000000010008848       0x28 /usr/lib/gcc/arm-none-eabi/10.3.1/../../../arm-none-eabi/lib/thumb/v6-m/nofp/libc.a(lib_a-malloc.o)
                0x0000000010008848                malloc
                0x000000001000885c                free
 .text          0x0000000010008870      0x574 /usr/lib/gcc/arm-none-eabi/10.3.1/../../../arm-none-eabi/lib/thumb/v6-m/nofp/libc.a(lib_a-mallocr.o)
                0x0000000010008870                _malloc_r
 .text          0x0000000010008de4        0x8 /usr/lib/gcc/arm-none-eabi/10.3.1/../../../arm-none-eabi/lib/thumb/v6-m/nofp/libc.a(lib_a-mlock.o)
                0x0000000010008de4                __malloc_lock
                0x0000000010008de8                __malloc_unlock
 .text          0x0000000010008dec       0x24 /usr/lib/gcc/arm-none-eabi/10.3.1/../../../arm-none-eabi/lib/thumb/v6-m/nofp/libc.a(lib_a-sbrkr.o)
                0x0000000010008dec                _sbrk_r
 .text          0x0000000010008e10      0x2a0 /usr/lib/gcc/arm-none-eabi/10.3.1/../../../arm-none-eabi/lib/thumb/v6-m/nofp/libc.a(lib_a-signal.o)
                0x0000000010008e10                _init_signal_r
                0x0000000010008e44                _signal_r
                0x0000000010008e9c                _raise_r
                0x0000000010008ef8                __sigtramp_r
                0x0000000010008f58                raise
                0x0000000010008fb8                signal
                0x000000001000900c                _init_signal
                0x0000000010009048                __sigtramp
 .text          0x00000000100090b0       0x30 /usr/lib/gcc/arm-none-eabi/10.3.1/../../../arm-none-eabi/lib/thumb/v6-m/nofp/libc.a(lib_a-signalr.o)
                0x00000000100090b0                _kill_r
                0x00000000100090d8                _getpid_r
 .text          0x00000000100090e0       0x88 /usr/lib/gcc/arm-none-eabi/10.3.1/../../../arm-none-eabi/lib/thumb/v6-m/nofp/libc.a(lib_a-strcmp.o)
                0x00000000100090e0                strcmp
 .text          0x0000000010009168       0x5c /usr/lib/gcc/arm-none-eabi/10.3.1/../../../arm-none-eabi/lib/thumb/v6-m/nofp/libc.a(lib_a-strlen-stub.o)
                0x0000000010009168                strlen
 .text          0x00000000100091c4       0x14 /usr/lib/gcc/arm-none-eabi/10.3.1/../../../arm-none-eabi/lib/thumb/v6-m/nofp/libc.a(lib_a-strtok.o)
                0x00000000100091c4                strtok
 .text          0x00000000100091d8       0x78 /usr/lib/gcc/arm-none-eabi/10.3.1/../../../arm-none-eabi/lib/thumb/v6-m/nofp/libc.a(lib_a-strtok_r.o)
                0x00000000100091d8                __strtok_r
                0x0000000010009244                strtok_r
 .text          0x0000000010009250      0x1b8 /usr/lib/gcc/arm-none-eabi/10.3.1/../../../arm-none-eabi/lib/thumb/v6-m/nofp/libc.a(lib_a-strtol.o)
                0x0000000010009394                _strtol_r
                0x00000000100093b0                strtol_l
                0x00000000100093dc                strtol
 .text          0x0000000010009408        0xc /usr/lib/gcc/arm-none-eabi/10.3.1/../../../arm-none-eabi/lib/thumb/v6-m/nofp/libc.a(lib_a-errno.o)
                0x0000000010009408                __errno
 .text          0x0000000010009414      0x260 /usr/lib/gcc/arm-none-eabi/10.3.1/../../../arm-none-eabi/lib/thumb/v6-m/nofp/libc.a(lib_a-freer.o)
                0x0000000010009414                _malloc_trim_r
                0x00000000100094b0                _free_r
 *(.fini)
 .fini          0x0000000010009674        0x4 /usr/lib/gcc/arm-none-eabi/10.3.1/thumb/v6-m/nofp/crti.o
                0x0000000010009674                _fini
 .fini.__stub   0x0000000010009678      0x1a0 linker stubs
 *crtbegin.o(.ctors)
 *crtbegin?.o(.ctors)
 *(EXCLUDE_FILE(*crtend.o *crtend?.o) .ctors)
 *(SORT_BY_NAME(.ctors.*))
 *(.ctors)
 *crtbegin.o(.dtors)
 *crtbegin?.o(.dtors)
 *(EXCLUDE_FILE(*crtend.o *crtend?.o) .dtors)
 *(SORT_BY_NAME(.dtors.*))
 *(.dtors)
 *(.eh_frame*)
 .eh_frame      0x0000000010009818        0x0 /usr/lib/gcc/arm-none-eabi/10.3.1/thumb/v6-m/nofp/crtbegin.o
                0x0000000010009818                . = ALIGN (0x4)

.glue_7         0x0000000010009818        0x0
 .glue_7        0x0000000010009818        0x0 linker stubs

.glue_7t        0x0000000010009818        0x0
 .glue_7t       0x0000000010009818        0x0 linker stubs

.vfp11_veneer   0x0000000010009818        0x0
 .vfp11_veneer  0x0000000010009818        0x0 linker stubs

.v4_bx          0x0000000010009818        0x0
 .v4_bx         0x0000000010009818        0x0 linker stubs

.iplt           0x0000000010009818        0x0
 .iplt          0x0000000010009818        0x0 /usr/lib/gcc/arm-none-eabi/10.3.1/thumb/v6-m/nofp/crtbegin.o

.rodata         0x0000000010009818      0x9fc
 *(EXCLUDE_FILE(*libm.a: *libc.a:*lib_a-mem*.o *libgcc.a:) .rodata*)
 .rodata._ZNSt6vectorIiSaIiEE17_M_realloc_insertIJiEEEvN9__gnu_cxx17__normal_iteratorIPiS1_EEDpOT_.str1.4
                0x0000000010009818       0x1a CMakeFiles/remote.dir/src/main.cpp.obj
 *fill*         0x0000000010009832        0x2 
 .rodata.main.str1.4
                0x0000000010009834       0xab CMakeFiles/remote.dir/src/main.cpp.obj
 *fill*         0x00000000100098df        0x1 
 .rodata.main   0x00000000100098e0       0x50 CMakeFiles/remote.dir/src/main.cpp.obj
 .rodata.spin_lock_claim_unused.str1.4
                0x0000000010009930       0x1b CMakeFiles/remote.dir/home/emmett/pico/pico-sdk/src/rp2_common/hardware_sync/sync.c.obj
 *fill*         0x000000001000994b        0x1 
 .rodata.user_irq_claim_unused.str1.4
                0x000000001000994c       0x1b CMakeFiles/remote.dir/home/emmett/pico/pico-sdk/src/rp2_common/hardware_irq/irq.c.obj
 *fill*         0x0000000010009967        0x1 
 .rodata.hardware_alarm_claim.str1.4
                0x0000000010009968       0x22 CMakeFiles/remote.dir/home/emmett/pico/pico-sdk/src/rp2_common/hardware_timer/timer.c.obj
 *fill*         0x000000001000998a        0x2 
 .rodata.panic.str1.4
                0x000000001000998c       0x10 CMakeFiles/remote.dir/home/emmett/pico/pico-sdk/src/rp2_common/pico_runtime/runtime.c.obj
                                         0x12 (size before relaxing)
 .rodata.hard_assertion_failure.str1.4
                0x000000001000999c        0xc CMakeFiles/remote.dir/home/emmett/pico/pico-sdk/src/rp2_common/pico_runtime/runtime.c.obj
 .rodata._ftoa.str1.4
                0x00000000100099a8       0x15 CMakeFiles/remote.dir/home/emmett/pico/pico-sdk/src/rp2_common/pico_printf/printf.c.obj
 *fill*         0x00000000100099bd        0x3 
 .rodata._vsnprintf
                0x00000000100099c0      0x1e0 CMakeFiles/remote.dir/home/emmett/pico/pico-sdk/src/rp2_common/pico_printf/printf.c.obj
 .rodata.pow10.0
                0x0000000010009ba0       0x50 CMakeFiles/remote.dir/home/emmett/pico/pico-sdk/src/rp2_common/pico_printf/printf.c.obj
 .rodata.__wrap_malloc.str1.4
                0x0000000010009bf0        0xe CMakeFiles/remote.dir/home/emmett/pico/pico-sdk/src/rp2_common/pico_malloc/pico_malloc.c.obj
 *fill*         0x0000000010009bfe        0x2 
 .rodata.str1.4
                0x0000000010009c00       0x3c CMakeFiles/remote.dir/home/emmett/pico/pico-sdk/src/rp2_common/pico_standard_link/binary_info.c.obj
 .rodata.__bi_44
                0x0000000010009c3c        0xc CMakeFiles/remote.dir/home/emmett/pico/pico-sdk/src/rp2_common/pico_standard_link/binary_info.c.obj
 .rodata.__bi_75
                0x0000000010009c48        0xc CMakeFiles/remote.dir/home/emmett/pico/pico-sdk/src/rp2_common/pico_standard_link/binary_info.c.obj
 .rodata.__bi_81
                0x0000000010009c54        0xc CMakeFiles/remote.dir/home/emmett/pico/pico-sdk/src/rp2_common/pico_standard_link/binary_info.c.obj
 .rodata.crlf_str.0
                0x0000000010009c60        0x2 CMakeFiles/remote.dir/home/emmett/pico/pico-sdk/src/rp2_common/pico_stdio/stdio.c.obj
 *fill*         0x0000000010009c62        0x2 
 .rodata._resetd_driver
                0x0000000010009c64       0x18 CMakeFiles/remote.dir/home/emmett/pico/pico-sdk/src/rp2_common/pico_stdio_usb/reset_interface.c.obj
 .rodata.str1.4
                0x0000000010009c7c       0x13 CMakeFiles/remote.dir/home/emmett/pico/pico-sdk/src/rp2_common/pico_stdio_usb/stdio_usb.c.obj
 *fill*         0x0000000010009c8f        0x1 
 .rodata.__bi_182.0
                0x0000000010009c90        0xc CMakeFiles/remote.dir/home/emmett/pico/pico-sdk/src/rp2_common/pico_stdio_usb/stdio_usb.c.obj
 .rodata.str1.4
                0x0000000010009c9c       0x2a CMakeFiles/remote.dir/home/emmett/pico/pico-sdk/src/rp2_common/pico_stdio_usb/stdio_usb_descriptors.c.obj
 *fill*         0x0000000010009cc6        0x2 
 .rodata.usbd_desc_cfg
                0x0000000010009cc8       0x54 CMakeFiles/remote.dir/home/emmett/pico/pico-sdk/src/rp2_common/pico_stdio_usb/stdio_usb_descriptors.c.obj
 .rodata.usbd_desc_device
                0x0000000010009d1c       0x12 CMakeFiles/remote.dir/home/emmett/pico/pico-sdk/src/rp2_common/pico_stdio_usb/stdio_usb_descriptors.c.obj
 *fill*         0x0000000010009d2e        0x2 
 .rodata.usbd_desc_str
                0x0000000010009d30       0x18 CMakeFiles/remote.dir/home/emmett/pico/pico-sdk/src/rp2_common/pico_stdio_usb/stdio_usb_descriptors.c.obj
 .rodata.str1.4
                0x0000000010009d48       0x14 CMakeFiles/remote.dir/home/emmett/pico/pico-sdk/lib/tinyusb/src/portable/raspberrypi/rp2040/dcd_rp2040.c.obj
 .rodata.str1.4
                0x0000000010009d5c       0x53 CMakeFiles/remote.dir/home/emmett/pico/pico-sdk/lib/tinyusb/src/portable/raspberrypi/rp2040/rp2040_usb.c.obj
 *fill*         0x0000000010009daf        0x1 
 .rodata.tud_task_ext
                0x0000000010009db0       0x8c CMakeFiles/remote.dir/home/emmett/pico/pico-sdk/lib/tinyusb/src/device/usbd.c.obj
 .rodata._usbd_driver
                0x0000000010009e3c       0x18 CMakeFiles/remote.dir/home/emmett/pico/pico-sdk/lib/tinyusb/src/device/usbd.c.obj
 .rodata._Z12print_signalP8button_t.str1.4
                0x0000000010009e54       0x17 libsignal.a(signal.cpp.obj)
 *fill*         0x0000000010009e6b        0x1 
 .rodata._ZNKSt9bad_alloc4whatEv.str1.4
                0x0000000010009e6c        0xf /usr/lib/gcc/arm-none-eabi/10.3.1/../../../arm-none-eabi/lib/thumb/v6-m/nofp/libstdc++.a(bad_alloc.o)
 *fill*         0x0000000010009e7b        0x1 
 .rodata._ZTISt9bad_alloc
                0x0000000010009e7c        0xc /usr/lib/gcc/arm-none-eabi/10.3.1/../../../arm-none-eabi/lib/thumb/v6-m/nofp/libstdc++.a(bad_alloc.o)
                0x0000000010009e7c                typeinfo for std::bad_alloc
 .rodata._ZTSSt9bad_alloc
                0x0000000010009e88        0xd /usr/lib/gcc/arm-none-eabi/10.3.1/../../../arm-none-eabi/lib/thumb/v6-m/nofp/libstdc++.a(bad_alloc.o)
                0x0000000010009e88                typeinfo name for std::bad_alloc
 *fill*         0x0000000010009e95        0x3 
 .rodata._ZTVSt9bad_alloc
                0x0000000010009e98       0x14 /usr/lib/gcc/arm-none-eabi/10.3.1/../../../arm-none-eabi/lib/thumb/v6-m/nofp/libstdc++.a(bad_alloc.o)
                0x0000000010009e98                vtable for std::bad_alloc
 .rodata._ZNKSt13bad_exception4whatEv.str1.4
                0x0000000010009eac       0x13 /usr/lib/gcc/arm-none-eabi/10.3.1/../../../arm-none-eabi/lib/thumb/v6-m/nofp/libstdc++.a(eh_exception.o)
 *fill*         0x0000000010009ebf        0x1 
 .rodata._ZTIN10__cxxabiv115__forced_unwindE
                0x0000000010009ec0        0x8 /usr/lib/gcc/arm-none-eabi/10.3.1/../../../arm-none-eabi/lib/thumb/v6-m/nofp/libstdc++.a(eh_exception.o)
                0x0000000010009ec0                typeinfo for __cxxabiv1::__forced_unwind
 .rodata._ZTIN10__cxxabiv119__foreign_exceptionE
                0x0000000010009ec8        0x8 /usr/lib/gcc/arm-none-eabi/10.3.1/../../../arm-none-eabi/lib/thumb/v6-m/nofp/libstdc++.a(eh_exception.o)
                0x0000000010009ec8                typeinfo for __cxxabiv1::__foreign_exception
 .rodata._ZTISt13bad_exception
                0x0000000010009ed0        0xc /usr/lib/gcc/arm-none-eabi/10.3.1/../../../arm-none-eabi/lib/thumb/v6-m/nofp/libstdc++.a(eh_exception.o)
                0x0000000010009ed0                typeinfo for std::bad_exception
 .rodata._ZTISt9exception
                0x0000000010009edc        0x8 /usr/lib/gcc/arm-none-eabi/10.3.1/../../../arm-none-eabi/lib/thumb/v6-m/nofp/libstdc++.a(eh_exception.o)
                0x0000000010009edc                typeinfo for std::exception
 .rodata._ZTSN10__cxxabiv115__forced_unwindE
                0x0000000010009ee4       0x20 /usr/lib/gcc/arm-none-eabi/10.3.1/../../../arm-none-eabi/lib/thumb/v6-m/nofp/libstdc++.a(eh_exception.o)
                0x0000000010009ee4                typeinfo name for __cxxabiv1::__forced_unwind
 .rodata._ZTSN10__cxxabiv119__foreign_exceptionE
                0x0000000010009f04       0x24 /usr/lib/gcc/arm-none-eabi/10.3.1/../../../arm-none-eabi/lib/thumb/v6-m/nofp/libstdc++.a(eh_exception.o)
                0x0000000010009f04                typeinfo name for __cxxabiv1::__foreign_exception
 .rodata._ZTSSt13bad_exception
                0x0000000010009f28       0x12 /usr/lib/gcc/arm-none-eabi/10.3.1/../../../arm-none-eabi/lib/thumb/v6-m/nofp/libstdc++.a(eh_exception.o)
                0x0000000010009f28                typeinfo name for std::bad_exception
 *fill*         0x0000000010009f3a        0x2 
 .rodata._ZTSSt9exception
                0x0000000010009f3c        0xd /usr/lib/gcc/arm-none-eabi/10.3.1/../../../arm-none-eabi/lib/thumb/v6-m/nofp/libstdc++.a(eh_exception.o)
                0x0000000010009f3c                typeinfo name for std::exception
 *fill*         0x0000000010009f49        0x3 
 .rodata._ZTVSt13bad_exception
                0x0000000010009f4c       0x14 /usr/lib/gcc/arm-none-eabi/10.3.1/../../../arm-none-eabi/lib/thumb/v6-m/nofp/libstdc++.a(eh_exception.o)
                0x0000000010009f4c                vtable for std::bad_exception
 .rodata._ZL28read_encoded_value_with_basehjPKhPj
                0x0000000010009f60       0x34 /usr/lib/gcc/arm-none-eabi/10.3.1/../../../arm-none-eabi/lib/thumb/v6-m/nofp/libstdc++.a(eh_personality.o)
 .rodata._ZTIN10__cxxabiv120__si_class_type_infoE
                0x0000000010009f94        0xc /usr/lib/gcc/arm-none-eabi/10.3.1/../../../arm-none-eabi/lib/thumb/v6-m/nofp/libstdc++.a(si_class_type_info.o)
                0x0000000010009f94                typeinfo for __cxxabiv1::__si_class_type_info
 .rodata._ZTSN10__cxxabiv120__si_class_type_infoE
                0x0000000010009fa0       0x25 /usr/lib/gcc/arm-none-eabi/10.3.1/../../../arm-none-eabi/lib/thumb/v6-m/nofp/libstdc++.a(si_class_type_info.o)
                0x0000000010009fa0                typeinfo name for __cxxabiv1::__si_class_type_info
 *fill*         0x0000000010009fc5        0x3 
 .rodata._ZTVN10__cxxabiv120__si_class_type_infoE
                0x0000000010009fc8       0x2c /usr/lib/gcc/arm-none-eabi/10.3.1/../../../arm-none-eabi/lib/thumb/v6-m/nofp/libstdc++.a(si_class_type_info.o)
                0x0000000010009fc8                vtable for __cxxabiv1::__si_class_type_info
 .rodata._ZTISt9type_info
                0x0000000010009ff4        0x8 /usr/lib/gcc/arm-none-eabi/10.3.1/../../../arm-none-eabi/lib/thumb/v6-m/nofp/libstdc++.a(tinfo.o)
                0x0000000010009ff4                typeinfo for std::type_info
 .rodata._ZTSSt9type_info
                0x0000000010009ffc        0xd /usr/lib/gcc/arm-none-eabi/10.3.1/../../../arm-none-eabi/lib/thumb/v6-m/nofp/libstdc++.a(tinfo.o)
                0x0000000010009ffc                typeinfo name for std::type_info
 *fill*         0x000000001000a009        0x3 
 .rodata._ZTISt11logic_error
                0x000000001000a00c        0xc /usr/lib/gcc/arm-none-eabi/10.3.1/../../../arm-none-eabi/lib/thumb/v6-m/nofp/libstdc++.a(stdexcept.o)
                0x000000001000a00c                typeinfo for std::logic_error
 .rodata._ZTISt12length_error
                0x000000001000a018        0xc /usr/lib/gcc/arm-none-eabi/10.3.1/../../../arm-none-eabi/lib/thumb/v6-m/nofp/libstdc++.a(stdexcept.o)
                0x000000001000a018                typeinfo for std::length_error
 .rodata._ZTSSt11logic_error
                0x000000001000a024       0x10 /usr/lib/gcc/arm-none-eabi/10.3.1/../../../arm-none-eabi/lib/thumb/v6-m/nofp/libstdc++.a(stdexcept.o)
                0x000000001000a024                typeinfo name for std::logic_error
 .rodata._ZTSSt12length_error
                0x000000001000a034       0x11 /usr/lib/gcc/arm-none-eabi/10.3.1/../../../arm-none-eabi/lib/thumb/v6-m/nofp/libstdc++.a(stdexcept.o)
                0x000000001000a034                typeinfo name for std::length_error
 *fill*         0x000000001000a045        0x3 
 .rodata._ZTVSt11logic_error
                0x000000001000a048       0x14 /usr/lib/gcc/arm-none-eabi/10.3.1/../../../arm-none-eabi/lib/thumb/v6-m/nofp/libstdc++.a(stdexcept.o)
                0x000000001000a048                vtable for std::logic_error
 .rodata._ZTVSt12length_error
                0x000000001000a05c       0x14 /usr/lib/gcc/arm-none-eabi/10.3.1/../../../arm-none-eabi/lib/thumb/v6-m/nofp/libstdc++.a(stdexcept.o)
                0x000000001000a05c                vtable for std::length_error
 .rodata._ZNSt11logic_errorC2EPKc.str1.4
                0x000000001000a070       0x2a /usr/lib/gcc/arm-none-eabi/10.3.1/../../../arm-none-eabi/lib/thumb/v6-m/nofp/libstdc++.a(cow-stdexcept.o)
 *fill*         0x000000001000a09a        0x2 
 .rodata._ZNSs4_Rep9_S_createEjjRKSaIcE.str1.4
                0x000000001000a09c       0x18 /usr/lib/gcc/arm-none-eabi/10.3.1/../../../arm-none-eabi/lib/thumb/v6-m/nofp/libstdc++.a(cow-string-inst.o)
 .rodata._ZTIN10__cxxabiv117__class_type_infoE
                0x000000001000a0b4        0xc /usr/lib/gcc/arm-none-eabi/10.3.1/../../../arm-none-eabi/lib/thumb/v6-m/nofp/libstdc++.a(class_type_info.o)
                0x000000001000a0b4                typeinfo for __cxxabiv1::__class_type_info
 .rodata._ZTSN10__cxxabiv117__class_type_infoE
                0x000000001000a0c0       0x22 /usr/lib/gcc/arm-none-eabi/10.3.1/../../../arm-none-eabi/lib/thumb/v6-m/nofp/libstdc++.a(class_type_info.o)
                0x000000001000a0c0                typeinfo name for __cxxabiv1::__class_type_info
 *fill*         0x000000001000a0e2        0x2 
 .rodata._ZTVN10__cxxabiv117__class_type_infoE
                0x000000001000a0e4       0x2c /usr/lib/gcc/arm-none-eabi/10.3.1/../../../arm-none-eabi/lib/thumb/v6-m/nofp/libstdc++.a(class_type_info.o)
                0x000000001000a0e4                vtable for __cxxabiv1::__class_type_info
 .rodata        0x000000001000a110      0x101 /usr/lib/gcc/arm-none-eabi/10.3.1/../../../arm-none-eabi/lib/thumb/v6-m/nofp/libc.a(lib_a-ctype_.o)
                0x000000001000a110                _ctype_
                0x000000001000a214                . = ALIGN (0x4)
 *fill*         0x000000001000a211        0x3 
 *(SORT_BY_ALIGNMENT(SORT_BY_NAME(.flashdata*)))
                0x000000001000a214                . = ALIGN (0x4)

.ARM.extab      0x000000001000a214      0x118
 *(.ARM.extab* .gnu.linkonce.armextab.*)
 .ARM.extab.text.unlikely._ZSt19__throw_logic_errorPKc
                0x000000001000a214       0x14 /usr/lib/gcc/arm-none-eabi/10.3.1/../../../arm-none-eabi/lib/thumb/v6-m/nofp/libstdc++.a(functexcept.o)
 .ARM.extab.text.unlikely._ZSt20__throw_length_errorPKc
                0x000000001000a228       0x14 /usr/lib/gcc/arm-none-eabi/10.3.1/../../../arm-none-eabi/lib/thumb/v6-m/nofp/libstdc++.a(functexcept.o)
 .ARM.extab.text.__cxa_type_match
                0x000000001000a23c        0xc /usr/lib/gcc/arm-none-eabi/10.3.1/../../../arm-none-eabi/lib/thumb/v6-m/nofp/libstdc++.a(eh_arm.o)
 .ARM.extab.text._ZL28read_encoded_value_with_basehjPKhPj